##########################################################
#    Opium Report File                                   #
##########################################################
     Opium version:        4.1

### copy of the parameter file #######################

[Atom]
Hg
15
100   2.00  -
200   2.00  -
210   6.00  -
300   2.00  -
310   6.00  -
320   10.00  -
400   2.00  -
410   6.00  -
420   10.00  -
430   14.00  -
500   2.00  -
510   6.00  -
520   9.50  -
600   1.00  -
610   0.50  -

[Pseudo]
5 -1 -1 -1 -1 -1
g

[Gaussinfo]
20 5
2 2 2 2 4
2 12.9532290166098 275.737657986525
2 6.45005190430085 49.0917938708058
2 10.4230066951820 241.541716850735
2 5.38679524090959 27.3955764893378
2 7.93364791402509 127.872345240135
2 4.18479544342716 16.6159549535243
2 4.08579100000000 10.1824980000000
2 3.68579100000000 20.1824980000000
1 10.1860669744676 20.0
3 10.5916853410000 203.7213395
2 10.0580904698861 -123.870122616786
2 10.5917864250000 -7.74443833676065

[KBdesign]
s

[Relativity]
nrl

[XC]
pbe

[Configs]
13

500  2.00 -
510  6.00 -
520  10.00 -
600  2.00 -
610  0.00 -

500  2.00 -
510  6.00 -
520  10.00 -
600  1.00 -
610  1.00 -

500  2.00 -
510  6.00 -
520  10.00 -
600  1.00 -
610  0.00 -

500  2.00 -
510  6.00 -
520  9.00 -
600  2.00 -
610  0.00 -

500  2.00 -
510  6.00 -
520  10.00 -
600  0.00 -
610  1.00 -

500  2.00 -
510  6.00 -
520  10.00 -
600  0.00 -
610  0.00 -

500  2.00 -
510  6.00 -
520  9.00 -
600  1.00 -
610  0.00 -

500  2.00 -
510  6.00 -
520  9.00 -
600  0.00 -
610  0.00 -

500  2.00 -
510  6.00 -
520  8.00 -
600  0.00 -
610  0.00 -

500  2.00 -
510  6.00 -
520  7.00 -
600  0.00 -
610  0.00 -

500  2.00 -
510  6.00 -
520  6.00 -
600  0.00 -
610  0.00 -

500  2.00 -
510  6.00 -
520  5.00 -
600  0.00 -
610  0.00 -

500  2.00 -
510  6.00 -
520  4.00 -
600  0.00 -
610  0.00 -

### AE report ########################################

 AE:Orbital    Filling       Eigenvalues[Ry]          Norm
    ----------------------------------------------------------
	100	 2.000	   -5514.6470391437
	200	 2.000	    -923.8767607720
	210	 6.000	    -888.7402048982
	300	 2.000	    -218.1337371734
	310	 6.000	    -201.5179151404
	320	10.000	    -170.5145222853
	400	 2.000	     -47.3590823447
	410	 6.000	     -40.1482812419
	420	10.000	     -26.8734548496
	430	14.000	      -9.0202007460
	500	 2.000	      -7.6551890108	  0.0616795739
	510	 6.000	      -5.3262169510	  0.0754853201
	520	 9.500	      -1.6724827262	  0.1936141694
	600	 1.000	      -0.9800328309	  0.9365568023
	610	 0.500	      -0.5918389937	  0.9610889440

      E_tot =   -36824.3400030117 Ry

### PS report ########################################

    Orbital       Ghost
    -----------------------------------------------------------------
	100 	    no
	210 	    no
	320 	    no


### NL/SL report #####################################


 NL:Orbital    Filling       Eigenvalues[Ry]          Norm       Ghost
    ------------------------------------------------------------------
	100 	 2.000	      -9.3863655640	  0.0299304352	    no
	210 	 6.000	      -5.7799591459	  0.0578186569	    no
	320 	 9.500	      -1.5514947599	  0.2099422866	    no
	200 	 1.000	      -1.1659495749	  0.8959908891	    no
	310 	 0.500	      -0.6081834192	  0.9557311614	    no

	 ========== No ghosts in potential!!========== 

      E_tot =     -305.8411351440 Ry

### KE report ########################################

	 ===   Ecut necessary for ~1    eV convergence error / electron === 
	 --------------------------------------------------------------- 
		 	 Ecut[Ry] 	 error [meV/e] 
	100  		   117 	          995.631 
	210  		   76 	          987.306 
	320  		   34 	          999.825 
	200  		   117 	          995.631 
	310  		   76 	          987.306 
	 ===   Ecut necessary for ~100 meV convergence error / electron === 
	 --------------------------------------------------------------- 
		 	 Ecut[Ry] 	 error [meV/e] 
	100  		   180 	           99.334 
	210  		   177 	           99.954 
	320  		   99 	           99.588 
	200  		   180 	           99.334 
	310  		   177 	           99.954 

	 ===   Ecut necessary for  ~10 meV convergence error / electron === 
	 --------------------------------------------------------------- 
		 	 Ecut[Ry] 	 error [meV/e] 
	100  		   286 	            9.990 
	210  		   243 	            9.929 
	320  		   132 	            9.982 
	200  		   286 	            9.990 
	310  		   243 	            9.929 

	 ===   Ecut necessary for   ~1 meV convergence error / electron === 
	 --------------------------------------------------------------- 
		 	 Ecut[Ry] 	 error [meV/e] 
	100  		   415 	            0.989 
	210  		   365 	            1.000 
	320  		   270 	            0.995 
	200  		   415 	            0.989 
	310  		   365 	            1.000 

### TC report ########################################

Comparison of total energies
Config	 E_sl(Ry)	 E_nl(Ry)	 Delta(eV)
0     -305.840816     -305.841135        0.004345
1     -307.068836     -307.068846        0.000136
2     -306.629666     -306.630019        0.004801
3     -306.287294     -306.287302        0.000117
4     -305.921154     -305.921161        0.000088
5     -305.748415     -305.749028        0.008334
6     -304.897660     -304.897666        0.000072
7     -304.435352     -304.435364        0.000159
8     -302.279501     -302.279526        0.000349
9     -298.614468     -298.614646        0.002422
10     -293.831585     -293.832078        0.006709
11     -287.869020     -287.869995        0.013261
12     -280.671802     -280.673394        0.021661
13     -272.190384     -272.192658        0.030933
MAD (eV): 0.00667044
