##########################################################
#    Opium Report File                                   #
##########################################################
     Opium version:        4.1

### copy of the parameter file #######################

[Atom]
Hg
15
100   2.00  -
200   2.00  -
210   6.00  -
300   2.00  -
310   6.00  -
320   10.00  -
400   2.00  -
410   6.00  -
420   10.00  -
430   14.00  -
500   2.00  -
510   6.00  -
520   8.50  -
600   1.00  -
610   0.75  -

[Pseudo]
5 -1 -1 -1 -1 -1
g

[Gaussinfo]
20 5 3
2 2 2 2 4  4 4 2
2 12.9532290166098 275.737657986525
2 6.45005190430085 49.0917938708058
2 10.4230066951820 241.541716850735
2 5.38679524090959 27.3955764893378
2 7.93364791402509 127.872345240135
2 4.18479544342716 16.6159549535243
2 4.08579100000000 10.1824980000000
2 3.68579100000000 20.1824980000000
1 10.1860669744676 20.0
3 10.5916853410000 203.7213395
2 10.0580904698861 -123.870122616786
2 10.5917864250000 -7.74443833676065
2 11.3180966175565 -161.013792344507
2 10.1995059332927 161.035062256779
2 5.94668854787920 -18.1658391475349
2 5.00905681262259 18.3691978554603
2 8.40567107988112 -51.1373723104674
2 8.21651628985333 51.1381812102993
2 4.00929799237370 -6.56269705298583
2 3.79926167567424 6.54438496880100
2 3.26977992583514 -6.28662593490690
2 3.21186536850503 6.24676778366235

[KBdesign]
s

[Relativity]
frl

[XC]
pbe

[Configs]
10

500  2.00 -
510  6.00 -
520  10.00 -
600  2.00 -
610  0.00 -

500  2.00 -
510  6.00 -
520  10.00 -
600  1.00 -
610  1.00 -

500  2.00 -
510  6.00 -
520  10.00 -
600  0.00 -
610  0.00 -

500  2.00 -
510  6.00 -
520  9.00 -
600  1.00 -
610  0.00 -

500  2.00 -
510  6.00 -
520  9.00 -
600  0.00 -
610  0.00 -

500  2.00 -
510  6.00 -
520  8.00 -
600  0.00 -
610  0.00 -

500  2.00 -
510  6.00 -
520  7.00 -
600  0.00 -
610  0.00 -

500  2.00 -
510  6.00 -
520  6.00 -
600  0.00 -
610  0.00 -

500  2.00 -
510  6.00 -
520  5.00 -
600  0.00 -
610  0.00 -

500  2.00 -
510  6.00 -
520  4.00 -
600  0.00 -
610  0.00 -

### AE report ########################################

 AE:Orbital    Filling       Eigenvalues[Ry]          Norm
    ----------------------------------------------------------
	100+	 2.000	   -6075.4276296849
	200+	 2.000	   -1078.0437253759
	210-	 2.000	   -1033.7376328350
	210+	 4.000	    -892.1786841021
	300+	 2.000	    -257.2822416468
	310-	 2.000	    -237.4973736060
	310+	 4.000	    -206.1008868469
	320-	 4.000	    -173.7260133221
	320+	 6.000	    -166.9749781185
	400+	 2.000	     -57.9359562933
	410-	 2.000	     -49.4723122076
	410+	 4.000	     -41.8885837186
	420-	 4.000	     -28.1392475486
	420+	 6.000	     -26.7200853887
	430-	 6.000	      -8.9756133984
	430+	 8.000	      -8.6676706046
	500+	 2.000	     -10.3601127682	  0.0284826004
	510-	 2.000	      -7.5614208896	  0.0353686422
	510+	 4.000	      -6.2134616772	  0.0670041918
	520-	 3.400	      -2.4120300922	  0.1667184371
	520+	 5.100	      -2.2606387134	  0.1913595050
	600+	 1.000	      -1.7567333213	  0.8760769663
	610-	 0.250	      -1.1908311843	  0.9163278269
	610+	 0.500	      -1.0549491425	  0.9416442663

      E_tot =   -39263.3883353097 Ry

### PS report ########################################

    Orbital       Ghost
    -----------------------------------------------------------------
	500 	    no
	510 	    no
	510 	    no
	520 	    no
	520 	    no


### NL/SL report #####################################


 NL:Orbital    Filling       Eigenvalues[Ry]          Norm       Ghost
    ------------------------------------------------------------------
	500+	 2.000	     -10.2489829047	  0.0289912350	    no
	510-	 2.000	      -7.5599288015	  0.0353099983	    no
	510+	 4.000	      -6.2492763395	  0.0658783630	    no
	520-	 3.400	      -2.4119319121	  0.1675787544	    no
	520+	 5.100	      -2.2759606272	  0.1893866198	    no
	600+	 1.000	      -1.7571534181	  0.8743459366	    no
	610-	 0.250	      -1.1872114484	  0.9174815825	    no
	610+	 0.500	      -1.0565398222	  0.9414595106	    no

	 ========== No ghosts in potential!!========== 

      E_tot =     -304.4972756392 Ry

### KE report ########################################

	 ===   Ecut necessary for ~1    eV convergence error / electron === 
	 --------------------------------------------------------------- 
		 	 Ecut[Ry] 	 error [meV/e] 
	500+ 		   117 	          995.778 
	510- 		   85 	          999.069 
	510+ 		   72 	          998.687 
	520- 		   52 	          998.209 
	520+ 		   45 	          999.440 
	600+ 		   117 	          995.778 
	610- 		   85 	          999.069 
	610+ 		   72 	          998.687 
	 ===   Ecut necessary for ~100 meV convergence error / electron === 
	 --------------------------------------------------------------- 
		 	 Ecut[Ry] 	 error [meV/e] 
	500+ 		   180 	           99.315 
	510- 		   195 	           99.395 
	510+ 		   171 	           99.487 
	520- 		   103 	           99.006 
	520+ 		   99 	           98.883 
	600+ 		   180 	           99.315 
	610- 		   195 	           99.395 
	610+ 		   171 	           99.487 

	 ===   Ecut necessary for  ~10 meV convergence error / electron === 
	 --------------------------------------------------------------- 
		 	 Ecut[Ry] 	 error [meV/e] 
	500+ 		   291 	            9.982 
	510- 		   265 	            9.951 
	510+ 		   234 	            9.948 
	520- 		   136 	            9.946 
	520+ 		   131 	            9.962 
	600+ 		   291 	            9.982 
	610- 		   265 	            9.951 
	610+ 		   234 	            9.948 

	 ===   Ecut necessary for   ~1 meV convergence error / electron === 
	 --------------------------------------------------------------- 
		 	 Ecut[Ry] 	 error [meV/e] 
	500+ 		   415 	            0.995 
	510- 		   321 	            0.996 
	510+ 		   372 	            0.995 
	520- 		   266 	            0.998 
	520+ 		   259 	            0.997 
	600+ 		   415 	            0.995 
	610- 		   321 	            0.996 
	610+ 		   372 	            0.995 

### TC report ########################################

Comparison of total energies
Config	 E_sl(Ry)	 E_nl(Ry)	 Delta(eV)
0     -304.496724     -304.497276        0.007501
1     -307.448943     -307.449042        0.001350
2     -307.012935     -307.013232        0.004042
3     -305.275845     -305.275929        0.001152
4     -304.811708     -304.811719        0.000146
5     -302.654957     -302.654960        0.000044
6     -298.987621     -298.987666        0.000614
7     -294.202855     -294.203108        0.003440
8     -288.238818     -288.239456        0.008687
9     -281.040527     -281.041712        0.016112
10     -272.558419     -272.560248        0.024893
MAD (eV): 0.00617995
