##########################################################
#    Opium Report File                                   #
##########################################################
     Opium version:        4.1

### copy of the parameter file #######################

[Atom]
Po
16
100   2.00  -
200   2.00  -
210   6.00  -
300   2.00  -
310   6.00  -
320   10.00  -
400   2.00  -
410   6.00  -
420   10.00  -
430   14.00  -
500   2.00  -
510   6.00  -
520   10.00  -
600   2.00  -
610   3.50  -
700   0.50  -

[Pseudo]
3 -1 -1 -1
g

[KBdesign]
s

[Relativity]
frl

[XC]
pbe

[Gaussinfo]
6 5 3
2 2 2 2 4  4 2 2
2 1.4642303 33.8281612  
2 0.5311386 -4.1432777
2 1.7902057 34.9901942
2 1.4004244 -4.1388066
2 0.9007100 5.4858792
2 0.7915002 7.9360305
2 1.0673757 -2.6376444
2 1.0258307 -3.2747958
1 2.0600687 6.0
3 1.8885358 12.36043380
2 2.0798408 -12.7086964
2 1.1039097 -0.0943876
2 0.865224603111236 -24.5154660796644
2 0.729929922868893 22.2949420821956
2 0.744379630085217 2.77963404437377
2 0.434625483647371 -2.56036358576057
2 0.916242000000000 -5.48421500000000
2 0.864955000000000 5.28929500000000
2 1.10518148705287  3.75922300000000
2 0.274517763247747 -0.232712766554882

[Configs]
11

600   2.00 -
610   4.00 -
700   0.00 -

600   2.00 -
610   3.00 -
700   1.00 -

600   2.00 -
610   3.00 -
700   0.00 -

600   2.00 -
610   2.00 -
700   1.00 -

600   2.00 -
610   2.00 -
700   0.00 -

600   2.00 -
610   1.00 -
700   1.00 -

600   2.00 -
610   1.00 -
700   0.00 -

600   2.00 -
610   0.00 -
700   1.00 -

600   2.00 -
610   0.00 -
700   0.00 -

600   1.00 -
610   1.00 -
700   0.00 -

600   1.00 -
610   0.00 -
700   0.00 -

### AE report ########################################

 AE:Orbital    Filling       Eigenvalues[Ry]          Norm
    ----------------------------------------------------------
	100+	 2.000	   -6808.3649358265
	200+	 2.000	   -1228.5269053798
	210-	 2.000	   -1180.0817941382
	210+	 4.000	   -1001.6493472596
	300+	 2.000	    -298.4144259851
	310-	 2.000	    -276.7112307658
	310+	 4.000	    -236.5675177022
	320-	 4.000	    -201.5806326868
	320+	 6.000	    -193.0732447766
	400+	 2.000	     -69.5157303356
	410-	 2.000	     -60.0598745079
	410+	 4.000	     -50.0966973627
	420-	 4.000	     -34.8491319847
	420+	 6.000	     -32.9831582164
	430-	 6.000	     -13.0946491548
	430+	 8.000	     -12.6561004506
	500+	 2.000	     -12.6879352831
	510-	 2.000	      -9.3658315410
	510+	 4.000	      -7.3912227345
	520-	 4.000	      -2.7281662428
	520+	 6.000	      -2.4762838837
	600+	 2.000	      -1.3611241128	  0.0020621256
	610-	 1.167	      -0.6579480996	  0.2439589613
	610+	 2.333	      -0.4702955554	  0.3795132005
	700+	 0.500	      -0.1037252818	  0.7716587305

      E_tot =   -44425.4741968779 Ry

### PS report ########################################

    Orbital       Ghost
    -----------------------------------------------------------------
	600 	    no
	610 	    no
	610 	    no


### NL/SL report #####################################


 NL:Orbital    Filling       Eigenvalues[Ry]          Norm       Ghost
    ------------------------------------------------------------------
	600+	 2.000	      -1.4490258748	  0.0020966146	    no
	610-	 1.167	      -0.6813058927	  0.2336196934	    no
	610+	 2.333	      -0.4865047387	  0.3813649606	    no
	700+	 0.500	      -0.0980762879	  0.8155318561	    no

	 ========== No ghosts in potential!!========== 

      E_tot =      -15.6730301919 Ry

### KE report ########################################

	 ===   Ecut necessary for ~1    eV convergence error / electron === 
	 --------------------------------------------------------------- 
		 	 Ecut[Ry] 	 error [meV/e] 
	600+ 		   8 	          985.555 
	610- 		   13 	          993.134 
	610+ 		   2441 	          970.136 
	700+ 		   8 	          985.555 
	 ===   Ecut necessary for ~100 meV convergence error / electron === 
	 --------------------------------------------------------------- 
		 	 Ecut[Ry] 	 error [meV/e] 
	600+ 		   23 	           99.828 
	610- 		   2445 	           99.869 
	610+ 		   2497 	           92.819 
	700+ 		   23 	           99.828 

	 ===   Ecut necessary for  ~10 meV convergence error / electron === 
	 --------------------------------------------------------------- 
		 	 Ecut[Ry] 	 error [meV/e] 
	600+ 		   33 	            9.998 
	610- 		   2498 	            7.758 
	610+ 		   -----  >2500 Ry   -----
	700+ 		   33 	            9.998 

	 ===   Ecut necessary for   ~1 meV convergence error / electron === 
	 --------------------------------------------------------------- 
		 	 Ecut[Ry] 	 error [meV/e] 
	600+ 		   2388 	            0.989 
	610- 		   -----  >2500 Ry   -----
	610+ 		   -----  >2500 Ry   -----
	700+ 		   2388 	            0.989 

### TC report ########################################

Comparison of total energies
Config	 E_sl(Ry)	 E_nl(Ry)	 Delta(eV)
0      -15.673030      -15.673030        0.000000
1      -15.882597      -15.882690        0.001266
2      -15.429834      -15.429919        0.001145
3      -15.181195      -15.181325        0.001764
4      -14.511746      -14.512394        0.008818
5      -13.902757      -13.903624        0.011808
6      -13.022684      -13.023765        0.014711
7      -11.995271      -11.996644        0.018682
8      -10.912398      -10.912398        0.000001
9       -9.422417       -9.422417       -0.000000
10       -8.360171       -8.363132        0.040291
11       -5.063469       -5.063469       -0.000000
MAD (eV): 0.00820721
