##########################################################
#    Opium Report File                                   #
##########################################################
     Opium version:        4.1

### copy of the parameter file #######################

[Atom]
Po
17
100   2.00  -
200   2.00  -
210   6.00  -
300   2.00  -
310   6.00  -
320   10.00  -
400   2.00  -
410   6.00  -
420   10.00  -
430   14.00  -
500   2.00  -
510   6.00  -
520   10.00  -
600   2.00  -
610   2.50  -
620   0.50  -
700   0.50  -

[Pseudo]
4 -1 -1 -1 -1
g

[KBdesign]
s

[Relativity]
nrl

[XC]
pbe

[Gaussinfo]
6 5
2 2 2 2 4
2 1.4642303 33.8281612  
2 0.5311386 -4.1432777
2 1.7902057 34.9901942
2 1.4004244 -4.1388066
2 0.9007100 5.4858792
2 0.7915002 7.9360305
2 1.0673757 -2.6376444
2 1.0258307 -3.2747958
1 2.0600687 6.0
3 1.8885358 12.36043380
2 2.0798408 -12.7086964
2 1.1039097 -0.0943876

[Configs]
16

600   2.00 -
610   4.00 -
620   0.00 -
700   0.00 -

600   2.00 -
610   3.00 -
620   0.00 -
700   1.00 -

600   2.00 -
610   3.00 -
620   1.00 -
700   0.00 -

600   2.00 -
610   2.00 -
620   1.00 -
700   1.00 -

600   2.00 -
610   3.00 -
620   0.00 -
700   0.00 -

600   2.00 -
610   2.00 -
620   1.00 -
700   0.00 -

600   2.00 -
610   2.00 -
620   0.00 -
700   1.00 -

600   2.00 -
610   2.00 -
620   0.00 -
700   0.00 -

600   2.00 -
610   1.00 -
620   1.00 -
700   0.00 -

600   2.00 -
610   1.00 -
620   0.00 -
700   1.00 -

600   2.00 -
610   1.00 -
620   0.00 -
700   0.00 -

600   2.00 -
610   0.00 -
620   1.00 -
700   0.00 -

600   2.00 -
610   0.00 -
620   0.00 -
700   1.00 -

600   2.00 -
610   0.00 -
620   0.00 -
700   0.00 -

600   1.00 -
610   1.00 -
620   0.00 -
700   0.00 -

600   1.00 -
610   0.00 -
620   0.00 -
700   0.00 -

### AE report ########################################

 AE:Orbital    Filling       Eigenvalues[Ry]          Norm
    ----------------------------------------------------------
	100	 2.000	   -6106.5154939662
	200	 2.000	   -1035.6398930123
	210	 6.000	    -998.3421665793
	300	 2.000	    -250.2490158003
	310	 6.000	    -232.3991637457
	320	10.000	    -199.0762922879
	400	 2.000	     -57.5025063480
	410	 6.000	     -49.5811420473
	420	10.000	     -34.9232840974
	430	14.000	     -14.9534370595
	500	 2.000	     -10.6208228914
	510	 6.000	      -7.8722117157
	520	10.000	      -3.3254699056
	600	 2.000	      -1.4544086497	  0.0041821296
	610	 2.500	      -0.8634922586	  0.3087834500
	620	 0.500	      -0.1988234934	  0.6045717795
	700	 0.500	      -0.2642087257	  0.7134076532

      E_tot =   -41359.6022262537 Ry

### PS report ########################################

    Orbital       Ghost
    -----------------------------------------------------------------
	100 	    no
	210 	    no
	320 	    no


### NL/SL report #####################################


 NL:Orbital    Filling       Eigenvalues[Ry]          Norm       Ghost
    ------------------------------------------------------------------
	100 	 2.000	      -1.8417996236	  0.0014113367	    no
	210 	 2.500	      -0.8924594657	  0.2789660048	    no
	320 	 0.500	      -0.1774651414	  0.6929860869	    no
	200 	 0.500	      -0.2862176458	  0.6632735266	    no

	 ========== No ghosts in potential!!========== 

      E_tot =      -14.9521742184 Ry

### KE report ########################################

	 ===   Ecut necessary for ~1    eV convergence error / electron === 
	 --------------------------------------------------------------- 
		 	 Ecut[Ry] 	 error [meV/e] 
	100  		   8 	          980.007 
	210  		   10 	          998.925 
	320  		   -----  >2500 Ry   -----
	200  		   8 	          980.007 
	 ===   Ecut necessary for ~100 meV convergence error / electron === 
	 --------------------------------------------------------------- 
		 	 Ecut[Ry] 	 error [meV/e] 
	100  		   23 	           98.728 
	210  		   2438 	           97.345 
	320  		   -----  >2500 Ry   -----
	200  		   23 	           98.728 

	 ===   Ecut necessary for  ~10 meV convergence error / electron === 
	 --------------------------------------------------------------- 
		 	 Ecut[Ry] 	 error [meV/e] 
	100  		   32 	            9.970 
	210  		   2497 	            8.900 
	320  		   -----  >2500 Ry   -----
	200  		   32 	            9.970 

	 ===   Ecut necessary for   ~1 meV convergence error / electron === 
	 --------------------------------------------------------------- 
		 	 Ecut[Ry] 	 error [meV/e] 
	100  		   64 	            0.999 
	210  		   -----  >2500 Ry   -----
	320  		   -----  >2500 Ry   -----
	200  		   64 	            0.999 

### TC report ########################################

Comparison of total energies
Config	 E_sl(Ry)	 E_nl(Ry)	 Delta(eV)
0      -14.952174      -14.952174        0.000000
1      -15.833035      -15.834078        0.014192
2      -15.392385      -15.392480        0.001291
3      -15.285757      -15.285871        0.001554
4      -14.711669      -14.711727        0.000787
5      -15.144373      -15.144430        0.000774
6      -14.393613      -14.393718        0.001435
7      -14.486885      -14.487004        0.001625
8      -13.878404      -13.878631        0.003090
9      -12.968077      -12.969271        0.016240
10      -13.010350      -13.010900        0.007492
11      -11.983248      -11.984020        0.010491
12      -10.929002      -10.932231        0.043933
13      -10.912398      -10.912398       -0.000000
14       -9.422417       -9.422417       -0.000000
15       -8.348431       -8.350558        0.028944
16       -5.063469       -5.063469        0.000000
MAD (eV): 0.00775574
