##########################################################
#    Opium Report File                                   #
##########################################################
     Opium version:        4.1

### copy of the parameter file #######################

[Atom]
Mg
6
100 2.00 -
200 2.00 -
210 6.00 -
300 1.00 -
310 0.50 -
320 0.50 -

[KBDesign]
p

[Pseudo]
3 -1 -1 -1
g

[xc]
pbe

[Gaussinfo]
2 3
2 2 3
2 5.936017   6.428631
2 1.592891  14.195491
2 1.583969   3.315069
2 1.077297   4.403025
1 6.048538   2.000000
3 2.796989  12.097075
2 2.547408 -17.108313

[Configs]
7

300 1.00 -
310 0.50 -
320 0.50 -

300 0.50 -
310 1.00 -
320 0.50 -

300 0.50 -
310 0.50 -
320 1.00 -

300 0.50 -
310 0.50 -
320 0.00 -

300 0.50 -
310 0.00 -
320 0.50 -

300 0.00 -
310 0.50 -
320 0.50 -

300 0.33 -
310 0.33 -
320 0.33 -



### AE report ########################################

 AE:Orbital    Filling       Eigenvalues[Ry]          Norm
    ----------------------------------------------------------
	100	 2.000	     -92.7020843043
	200	 2.000	      -6.1410805579
	210	 6.000	      -3.7225276334
	300	 1.000	      -0.5232942326	  0.4345554404
	310	 0.500	      -0.2381437437	  0.5612639717
	320	 0.500	      -0.0317996170	  0.9968922294

      E_tot =     -399.5637674779 Ry

### PS report ########################################

    Orbital       Ghost
    -----------------------------------------------------------------
	100 	    no
	210 	    no
	320 	    no


### NL/SL report #####################################


 NL:Orbital    Filling       Eigenvalues[Ry]          Norm       Ghost
    ------------------------------------------------------------------
	100 	 1.000	      -0.5197577457	  0.4459465966	    no
	210 	 0.500	      -0.2377772274	  0.5702506567	    no
	320 	 0.500	      -0.0317565277	  0.9970325334	    no

	 ========== No ghosts in potential!!========== 

      E_tot =       -1.3014453448 Ry

### KE report ########################################

	 ===   Ecut necessary for ~1    eV convergence error / electron === 
	 --------------------------------------------------------------- 
		 	 Ecut[Ry] 	 error [meV/e] 
	100  		   2467 	          969.540 
	210  		   2491 	          867.481 
	320  		   -----  >2500 Ry   -----
	 ===   Ecut necessary for ~100 meV convergence error / electron === 
	 --------------------------------------------------------------- 
		 	 Ecut[Ry] 	 error [meV/e] 
	100  		   2498 	           92.306 
	210  		   -----  >2500 Ry   -----
	320  		   -----  >2500 Ry   -----

	 ===   Ecut necessary for  ~10 meV convergence error / electron === 
	 --------------------------------------------------------------- 
		 	 Ecut[Ry] 	 error [meV/e] 
	100  		   -----  >2500 Ry   -----
	210  		   -----  >2500 Ry   -----
	320  		   -----  >2500 Ry   -----

	 ===   Ecut necessary for   ~1 meV convergence error / electron === 
	 --------------------------------------------------------------- 
		 	 Ecut[Ry] 	 error [meV/e] 
	100  		   -----  >2500 Ry   -----
	210  		   -----  >2500 Ry   -----
	320  		   -----  >2500 Ry   -----

### TC report ########################################

Comparison of total energies
Config	 E_sl(Ry)	 E_nl(Ry)	 Delta(eV)
0       -1.301445       -1.301445        0.000000
1       -1.301445       -1.301445        0.000000
2       -1.160204       -1.160203       -0.000004
3       -1.043084       -1.043078       -0.000086
4       -0.908015       -0.908006       -0.000123
5       -0.751851       -0.751817       -0.000470
6       -0.595559       -0.595552       -0.000093
7       -0.745921       -0.745903       -0.000236
MAD (eV): 0.000126432
