##########################################################
#    Opium Report File                                   #
##########################################################
     Opium version:        4.1

### copy of the parameter file #######################

[Atom]
At
16
100   2.00  -
200   2.00  -
210   6.00  -
300   2.00  -
310   6.00  -
320   10.00  -
400   2.00  -
410   6.00  -
420   10.00  -
430   14.00  -
500   2.00  -
510   6.00  -
520   10.00  -
600   2.00  -
610   3.50  -
700   0.50  -

[Pseudo]
3 -1 -1 -1
g

[KBdesign]
s

[Relativity]
frl

[XC]
pbe

[Gaussinfo]
7 5 3
2 2 2 2 4  4 4 2
2 7.2874668 -15.1756059  
2 2.5273178 49.5666528
2 1.4035959 24.4908456
2 0.8030397 -2.3129707
2 1.4543826 20.6670482
2 0.7008671 5.2661947
2 1.1559242 -2.6853847
2 1.1081977 -3.3230707
1 4.0000190 7.0
3 5.1000368 28.00013300
2 3.9999461 -0.5000100
2 2.0003029 -1.0000499
2  1.45908707  -16.54452133
2  2.06410520  17.31428850
2  0.69777010  3.36723186
2  1.63331716  -0.84529194
2  1.51189072  -8.17615257
2  1.44912026  8.32694692
2  0.82262536  -2.19713072
2  0.76005563  2.04323037
2  1.14690858  1.79140300
2  1.09597319  -1.66211111

[Configs]
17

600   2.00 -
610   5.00 -
700   0.00 -

600   2.00 -
610   4.00 -
700   1.00 -

600   2.00 -
610   4.00 -
700   0.00 -

600   2.00 -
610   3.00 -
700   1.00 -

600   2.00 -
610   3.00 -
700   0.00 -

600   2.00 -
610   2.00 -
700   1.00 -

600   2.00 -
610   1.00 -
700   2.00 -

600   2.00 -
610   2.00 -
700   0.00 -

600   2.00 -
610   1.00 -
700   1.00 -

600   2.00 -
610   0.00 -
700   2.00 -

600   2.00 -
610   1.00 -
700   0.00 -

600   2.00 -
610   0.00 -
700   1.00 -

600   2.00 -
610   0.00 -
700   0.00 -

600   1.00 -
610   1.00 -
700   0.00 -

600   1.00 -
610   0.00 -
700   1.00 -

600   0.00 -
610   1.00 -
700   1.00 -

600   1.00 -
610   0.00 -
700   0.00 -

### AE report ########################################

 AE:Orbital    Filling       Eigenvalues[Ry]          Norm
    ----------------------------------------------------------
	100+	 2.000	   -7001.9219561732
	200+	 2.000	   -1269.6010874925
	210-	 2.000	   -1220.0638055732
	210+	 4.000	   -1031.2229676637
	300+	 2.000	    -310.5294866875
	310-	 2.000	    -288.3259214813
	310+	 4.000	    -245.6962815355
	320-	 4.000	    -210.0454590541
	320+	 6.000	    -201.0490790094
	400+	 2.000	     -73.7636594166
	410-	 2.000	     -64.0491943928
	410+	 4.000	     -53.3987373544
	420-	 4.000	     -37.7689311804
	420+	 6.000	     -35.7754845526
	430-	 6.000	     -15.3481738670
	430+	 8.000	     -14.8717541977
	500+	 2.000	     -14.4187350563
	510-	 2.000	     -10.9554280872
	510+	 4.000	      -8.7854654847
	520-	 4.000	      -3.8786787195
	520+	 6.000	      -3.5913747276
	600+	 2.000	      -2.1611708426	  0.1988746810
	610-	 1.167	      -1.3551275964	  0.0346205581
	610+	 2.333	      -1.0994412255	  0.0743319265
	700+	 0.500	      -0.4584907833	  0.9416290837

      E_tot =   -45781.0331136737 Ry

### PS report ########################################

    Orbital       Ghost
    -----------------------------------------------------------------
	600 	    no
	610 	    no
	610 	    no


### NL/SL report #####################################


 NL:Orbital    Filling       Eigenvalues[Ry]          Norm       Ghost
    ------------------------------------------------------------------
	600+	 2.000	      -2.0696477545	  0.2189587842	    no
	610-	 1.167	      -1.3820842756	  0.0358344950	    no
	610+	 2.333	      -1.1087307668	  0.0721668847	    no
	700+	 0.500	      -0.4499532804	  0.9395891486	    no

	 ========== No ghosts in potential!!========== 

      E_tot =      -20.8154276486 Ry

### KE report ########################################

	 ===   Ecut necessary for ~1    eV convergence error / electron === 
	 --------------------------------------------------------------- 
		 	 Ecut[Ry] 	 error [meV/e] 
	600+ 		   10 	          992.301 
	610- 		   10 	          991.135 
	610+ 		   8 	          992.998 
	700+ 		   10 	          992.301 
	 ===   Ecut necessary for ~100 meV convergence error / electron === 
	 --------------------------------------------------------------- 
		 	 Ecut[Ry] 	 error [meV/e] 
	600+ 		   34 	           99.425 
	610- 		   17 	           98.990 
	610+ 		   2324 	           99.852 
	700+ 		   34 	           99.425 

	 ===   Ecut necessary for  ~10 meV convergence error / electron === 
	 --------------------------------------------------------------- 
		 	 Ecut[Ry] 	 error [meV/e] 
	600+ 		   47 	            9.939 
	610- 		   2337 	            9.948 
	610+ 		   2491 	            9.221 
	700+ 		   47 	            9.939 

	 ===   Ecut necessary for   ~1 meV convergence error / electron === 
	 --------------------------------------------------------------- 
		 	 Ecut[Ry] 	 error [meV/e] 
	600+ 		   87 	            0.989 
	610- 		   2492 	            0.855 
	610+ 		   2499 	            0.546 
	700+ 		   87 	            0.989 

### TC report ########################################

Comparison of total energies
Config	 E_sl(Ry)	 E_nl(Ry)	 Delta(eV)
0      -20.815428      -20.815428        0.000000
1      -21.974889      -21.974378       -0.006943
2      -21.443897      -21.443834       -0.000859
3      -21.176587      -21.176535       -0.000713
4      -20.427176      -20.427129       -0.000637
5      -19.773445      -19.773364       -0.001096
6      -18.815677      -18.815288       -0.005294
7      -17.778051      -17.777451       -0.008168
8      -17.714357      -17.713835       -0.007106
9      -16.556280      -16.555593       -0.009339
10      -15.345718      -15.345718       -0.000000
11      -14.960944      -14.960080       -0.011747
12      -13.614820      -13.614820       -0.000000
13      -11.487193      -11.487193       -0.000000
14      -10.407857      -10.405890       -0.026761
15       -8.855194       -8.855194       -0.000000
16       -7.738224       -7.735374       -0.038773
17       -6.140298       -6.140298       -0.000000
MAD (eV): 0.00652429
