##########################################################
#    Opium Report File                                   #
##########################################################
     Opium version:        4.1

### copy of the parameter file #######################

[Atom]
At
17
100   2.00  -
200   2.00  -
210   6.00  -
300   2.00  -
310   6.00  -
320   10.00  -
400   2.00  -
410   6.00  -
420   10.00  -
430   14.00  -
500   2.00  -
510   6.00  -
520   10.00  -
600   2.00  -
610   3.50  -
620   0.50  -
700   0.50  -

[Pseudo]
4 -1 -1 -1 -1
g

[KBdesign]
s

[Relativity]
nrl

[XC]
pbe

[Gaussinfo]
7 5
2 2 2 2 4
2 7.2874668 -15.1756059  
2 2.5273178 49.5666528
2 1.4035959 24.4908456
2 0.8030397 -2.3129707
2 1.4543826 20.6670482
2 0.7008671 5.2661947
2 1.1559242 -2.6853847
2 1.1081977 -3.3230707
1 4.0000190 7.0
3 5.1000368 28.00013300
2 3.9999461 -0.5000100
2 2.0003029 -1.0000499

[Configs]
17

600   2.00 -
610   5.00 -
620   0.00 -
700   0.00 -

600   2.00 -
610   4.00 -
620   0.00 -
700   1.00 -

600   2.00 -
610   4.00 -
620   1.00 -
700   0.00 -

600   2.00 -
610   3.00 -
620   1.00 -
700   1.00 -

600   2.00 -
610   4.00 -
620   0.00 -
700   0.00 -

600   2.00 -
610   2.00 -
620   2.00 -
700   0.00 -

600   2.00 -
610   3.00 -
620   0.00 -
700   1.00 -

600   2.00 -
610   3.00 -
620   0.00 -
700   0.00 -

600   2.00 -
610   2.00 -
620   1.00 -
700   0.00 -

600   2.00 -
610   2.00 -
620   0.00 -
700   1.00 -

600   2.00 -
610   2.00 -
620   0.00 -
700   0.00 -

600   2.00 -
610   1.00 -
620   1.00 -
700   0.00 -

600   2.00 -
610   1.00 -
620   0.00 -
700   1.00 -

600   2.00 -
610   1.00 -
620   0.00 -
700   0.00 -

600   1.00 -
610   2.00 -
620   0.00 -
700   0.00 -

600   1.00 -
610   1.00 -
620   0.00 -
700   0.00 -

600   1.00 -
610   0.00 -
620   0.00 -
700   0.00 -

### AE report ########################################

 AE:Orbital    Filling       Eigenvalues[Ry]          Norm
    ----------------------------------------------------------
	100	 2.000	   -6259.3916153272
	200	 2.000	   -1064.7560658921
	210	 6.000	   -1026.9146455244
	300	 2.000	    -258.7775676949
	310	 6.000	    -240.6164616480
	320	10.000	    -206.7090336829
	400	 2.000	     -60.3008299349
	410	 6.000	     -52.1990295204
	420	10.000	     -37.1909192968
	430	14.000	     -16.6911390501
	500	 2.000	     -11.4974491775
	510	 6.000	      -8.6391711389
	520	10.000	      -3.8622990850
	600	 2.000	      -1.6112342624	  0.3173776383
	610	 3.500	      -0.9644570864	  0.0724278040
	620	 0.500	      -0.2106747237	  0.4830521705
	700	 0.500	      -0.2713896157	  0.9489435612

      E_tot =   -42540.3232024102 Ry

### PS report ########################################

    Orbital       Ghost
    -----------------------------------------------------------------
	100 	    no
	210 	    no
	320 	    no


### NL/SL report #####################################


 NL:Orbital    Filling       Eigenvalues[Ry]          Norm       Ghost
    ------------------------------------------------------------------
	100 	 2.000	      -1.8673619032	  0.2210876788	    no
	210 	 3.500	      -0.9970025976	  0.0620305045	    no
	320 	 0.500	      -0.1786564037	  0.5998869373	    no
	200 	 0.500	      -0.3055434374	  0.9487547706	    no

	 ========== No ghosts in potential!!========== 

      E_tot =      -20.9205953301 Ry

### KE report ########################################

	 ===   Ecut necessary for ~1    eV convergence error / electron === 
	 --------------------------------------------------------------- 
		 	 Ecut[Ry] 	 error [meV/e] 
	100  		   10 	          990.087 
	210  		   9 	          999.104 
	320  		   -----  >2500 Ry   -----
	200  		   10 	          990.087 
	 ===   Ecut necessary for ~100 meV convergence error / electron === 
	 --------------------------------------------------------------- 
		 	 Ecut[Ry] 	 error [meV/e] 
	100  		   34 	           99.187 
	210  		   2281 	           99.719 
	320  		   -----  >2500 Ry   -----
	200  		   34 	           99.187 

	 ===   Ecut necessary for  ~10 meV convergence error / electron === 
	 --------------------------------------------------------------- 
		 	 Ecut[Ry] 	 error [meV/e] 
	100  		   47 	            9.984 
	210  		   2490 	            9.432 
	320  		   -----  >2500 Ry   -----
	200  		   47 	            9.984 

	 ===   Ecut necessary for   ~1 meV convergence error / electron === 
	 --------------------------------------------------------------- 
		 	 Ecut[Ry] 	 error [meV/e] 
	100  		   88 	            0.996 
	210  		   2499 	            0.487 
	320  		   -----  >2500 Ry   -----
	200  		   88 	            0.996 

### TC report ########################################

Comparison of total energies
Config	 E_sl(Ry)	 E_nl(Ry)	 Delta(eV)
0      -20.920595      -20.920595       -0.000000
1      -21.938515      -21.938384       -0.001781
2      -21.417861      -21.417847       -0.000181
3      -21.296622      -21.296617       -0.000068
4      -20.636369      -20.636364       -0.000068
5      -21.151885      -21.151878       -0.000102
6      -19.360975      -19.361226        0.003413
7      -20.410037      -20.410021       -0.000220
8      -19.757412      -19.757379       -0.000462
9      -18.739351      -18.739702        0.004767
10      -18.805610      -18.805505       -0.001424
11      -17.705031      -17.704873       -0.002144
12      -16.541438      -16.542962        0.020736
13      -16.551819      -16.551656       -0.002214
14      -14.956855      -14.956631       -0.003046
15      -13.934289      -13.933808       -0.006541
16      -10.404336      -10.403872       -0.006312
17       -6.140298       -6.140298       -0.000000
MAD (eV): 0.00297104
