##########################################################
#    Opium Report File                                   #
##########################################################
     Opium version:        4.1

### copy of the parameter file #######################

[Atom]
He  
2
100   2.00  -
210   0.00  -

[Pseudo]
2  0.683595  0.683595
g

[Gaussinfo]
2 2
1 3
2  1.000000   0.000000
1 32.000000   2.000000
3 32.000000  64.000000
2 33.713355 -27.700840

[XC]
pbe

[KBDesign]
p

[Relativity]
nrl

[Configs]
1


100   1.00  -
210   0.00  -

### AE report ########################################

 AE:Orbital    Filling       Eigenvalues[Ry]          Norm
    ----------------------------------------------------------
	100	 2.000	      -1.1586066229	  0.6037475666
	210	 0.000	      -0.0000011000	  0.6037475666

      E_tot =       -5.7858934503 Ry

### PS report ########################################

    Orbital       Ghost
    -----------------------------------------------------------------
	100 	    no
	210 	    no


### NL/SL report #####################################


 NL:Orbital    Filling       Eigenvalues[Ry]          Norm       Ghost
    ------------------------------------------------------------------
	100 	 2.000	      -1.1584347297	  0.6036948580	    no
	210 	 0.000	      -0.0000011000	  0.6036948580	    no

	 ========== No ghosts in potential!!========== 

      E_tot =       -5.7853130714 Ry

### KE report ########################################

	 ===   Ecut necessary for ~1    eV convergence error / electron === 
	 --------------------------------------------------------------- 
		 	 Ecut[Ry] 	 error [meV/e] 
	100  		   82 	          988.663 
	210  		   379 	          983.880 
	 ===   Ecut necessary for ~100 meV convergence error / electron === 
	 --------------------------------------------------------------- 
		 	 Ecut[Ry] 	 error [meV/e] 
	100  		   224 	           99.091 
	210  		   398 	           73.752 

	 ===   Ecut necessary for  ~10 meV convergence error / electron === 
	 --------------------------------------------------------------- 
		 	 Ecut[Ry] 	 error [meV/e] 
	100  		   353 	            9.685 
	210  		   -----  >400 Ry   -----

	 ===   Ecut necessary for   ~1 meV convergence error / electron === 
	 --------------------------------------------------------------- 
		 	 Ecut[Ry] 	 error [meV/e] 
	100  		   395 	            0.768 
	210  		   -----  >400 Ry   -----

### TC report ########################################

Comparison of total energies
Config	 E_sl(Ry)	 E_nl(Ry)	 Delta(eV)
0       -5.785313       -5.785313        0.000000
1       -3.803708       -3.803708        0.000000
MAD (eV): 0
