##########################################################
#    Opium Report File                                   #
##########################################################
     Opium version:        4.1

### copy of the parameter file #######################

[Atom]
Si
6
100 2.00 -
200 2.00 -
210 6.00 -
300 2.00 -
310 1.00 -
320 1.00 -

[KBDesign]
p

[Pseudo]
3 2.384 2.680 1.887
g

[xc]
pbe

[Gaussinfo]
4 3
2 2 3
2 9.447023 14.832760
2 2.553812 26.349664
2 3.660001 7.621400
2 1.903653 10.331583
1 5.168316 4.000000
3 8.861690 20.673264
2 3.933474 -14.818174

[Configs]
8

300 2.00 -
310 2.00 -
320 0.00 -

300 2.00 -
310 1.00 -
320 1.00 -

300 1.00 -
310 3.00 -
320 0.00 -

300 1.00 -
310 2.00 -
320 1.00 -

300 2.00 -
310 1.00 -
320 0.00 -

300 2.00 -
310 0.00 -
320 1.00 -

300 2.00 -
310 0.00 -
320 0.00 -

300 1.00 -
310 1.00 -
320 0.00 -

300 1.00 -
310 0.00 -
320 1.00 -


### AE report ########################################

 AE:Orbital    Filling       Eigenvalues[Ry]          Norm
    ----------------------------------------------------------
	100	 2.000	    -131.3191469663
	200	 2.000	     -10.5914009834
	210	 6.000	      -7.4138447118
	300	 2.000	      -1.0866620404	  0.3183742824
	310	 1.000	      -0.5573387857	  0.3903098021
	320	 1.000	      -0.0468007573	  0.9796753714

      E_tot =     -577.9769665352 Ry

### PS report ########################################

    Orbital       Ghost
    -----------------------------------------------------------------
	100 	    no
	210 	    no
	320 	    no


### NL/SL report #####################################


 NL:Orbital    Filling       Eigenvalues[Ry]          Norm       Ghost
    ------------------------------------------------------------------
	100 	 2.000	      -1.0937122668	  0.3187237264	    no
	210 	 1.000	      -0.5506528877	  0.4000799508	    no
	320 	 1.000	      -0.0467610658	  0.9800416661	    no

	 ========== No ghosts in potential!!========== 

      E_tot =       -7.0343910538 Ry

### KE report ########################################

	 ===   Ecut necessary for ~1    eV convergence error / electron === 
	 --------------------------------------------------------------- 
		 	 Ecut[Ry] 	 error [meV/e] 
	100  		   9 	          997.880 
	210  		   2391 	          999.066 
	320  		   -----  >2500 Ry   -----
	 ===   Ecut necessary for ~100 meV convergence error / electron === 
	 --------------------------------------------------------------- 
		 	 Ecut[Ry] 	 error [meV/e] 
	100  		   16 	           98.301 
	210  		   2482 	           86.839 
	320  		   -----  >2500 Ry   -----

	 ===   Ecut necessary for  ~10 meV convergence error / electron === 
	 --------------------------------------------------------------- 
		 	 Ecut[Ry] 	 error [meV/e] 
	100  		   2406 	            9.983 
	210  		   -----  >2500 Ry   -----
	320  		   -----  >2500 Ry   -----

	 ===   Ecut necessary for   ~1 meV convergence error / electron === 
	 --------------------------------------------------------------- 
		 	 Ecut[Ry] 	 error [meV/e] 
	100  		   2494 	            0.910 
	210  		   -----  >2500 Ry   -----
	320  		   -----  >2500 Ry   -----

### TC report ########################################

Comparison of total energies
Config	 E_sl(Ry)	 E_nl(Ry)	 Delta(eV)
0       -7.034391       -7.034391       -0.000000
1       -7.458874       -7.458858       -0.000218
2       -7.034391       -7.034391       -0.000000
3       -6.949142       -6.949140       -0.000026
4       -6.488070       -6.488068       -0.000033
5       -6.893431       -6.893431       -0.000003
6       -6.288328       -6.288274       -0.000732
7       -5.726603       -5.726534       -0.000934
8       -5.123515       -5.123468       -0.000637
MAD (eV): 0.000287096
