##########################################################
#    Opium Report File                                   #
##########################################################
     Opium version:        4.1

### copy of the parameter file #######################

[Atom]
Li  
3
100   2.00  -
200   0.50  -
210   0.50  -

[Pseudo]
3 -1 -1 -1
g

[Gaussinfo]
3 2
1 4
2 10.0000  0.000000
1 24.0000  3.000000
3 24.0000  72.00000
2 24.0000 -36.44394
2 9.13679  0.780200

[XC]
pbe

[KBDesign]
s

[Relativity]
nrl

[Configs]
9

100   2.00  -
200   1.00  -
210   0.00  -

100   2.00  -
200   0.00  -
210   1.00  -

100   2.00  -
200   0.00  -
210   0.00  -

100   1.00  -
200   1.00  -
210   0.00  -

100   1.00  -
200   0.50  -
210   0.50  -

100   1.00  -
200   0.00  -
210   1.00  -

100   1.00  -
200   0.00  -
210   0.00  -

100   0.00  -
200   1.00  -
210   0.00  -

100   0.00  -
200   0.00  -
210   1.00  -


### AE report ########################################

 AE:Orbital    Filling       Eigenvalues[Ry]          Norm
    ----------------------------------------------------------
	100	 2.000	      -3.8676871971	  0.0864603307
	210	 0.500	      -0.0989712499	  0.9895695031
	200	 0.500	      -0.2304422208	  0.9832953219

      E_tot =      -14.8371423853 Ry

### PS report ########################################

    Orbital       Ghost
    -----------------------------------------------------------------
	100 	    no
	210 	    no


### NL/SL report #####################################


 NL:Orbital    Filling       Eigenvalues[Ry]          Norm       Ghost
    ------------------------------------------------------------------
	100 	 2.000	      -3.8713967556	  0.0862448473	    no
	210 	 0.500	      -0.0989286409	  0.9896405602	    no
	200 	 0.500	      -0.2304895841	  0.9833753222	    no

	 ========== No ghosts in potential!!========== 

      E_tot =      -14.8311186552 Ry

### KE report ########################################

	 ===   Ecut necessary for ~1    eV convergence error / electron === 
	 --------------------------------------------------------------- 
		 	 Ecut[Ry] 	 error [meV/e] 
	100  		   177 	          999.721 
	210  		   -----  >2500 Ry   -----
	200  		   177 	          999.721 
	 ===   Ecut necessary for ~100 meV convergence error / electron === 
	 --------------------------------------------------------------- 
		 	 Ecut[Ry] 	 error [meV/e] 
	100  		   330 	           99.769 
	210  		   -----  >2500 Ry   -----
	200  		   330 	           99.769 

	 ===   Ecut necessary for  ~10 meV convergence error / electron === 
	 --------------------------------------------------------------- 
		 	 Ecut[Ry] 	 error [meV/e] 
	100  		   506 	            9.961 
	210  		   -----  >2500 Ry   -----
	200  		   506 	            9.961 

	 ===   Ecut necessary for   ~1 meV convergence error / electron === 
	 --------------------------------------------------------------- 
		 	 Ecut[Ry] 	 error [meV/e] 
	100  		   704 	            0.996 
	210  		   -----  >2500 Ry   -----
	200  		   704 	            0.996 

### TC report ########################################

Comparison of total energies
Config	 E_sl(Ry)	 E_nl(Ry)	 Delta(eV)
0      -14.831119      -14.831119        0.000000
1      -14.896814      -14.896814       -0.000000
2      -14.765407      -14.765407        0.000000
3      -14.507594      -14.507594        0.000000
4       -9.866361       -9.866361       -0.000000
5       -9.782735       -9.782735       -0.000000
6       -9.699652       -9.699652       -0.000000
7       -8.680207       -8.680207       -0.000000
8       -2.228659       -2.228659        0.000000
9       -2.176457       -2.176457        0.000000
MAD (eV): 1.91825e-08
