##########################################################
#    Opium Report File                                   #
##########################################################
     Opium version:        4.1

### copy of the parameter file #######################

[Atom]
Os
15
100   2.00  -
200   2.00  -
210   6.00  -
300   2.00  -
310   6.00  -
320   10.00  -
400   2.00  -
410   6.00  -
420   10.00  -
430   14.00  -
500   2.00  -
510   6.00  -
520   5.00  -
600   0.50  -
610   0.50  -

[Pseudo]
5 -1 -1 -1 -1 -1
g

[Gaussinfo]
16 5 3
2 2 2 2 4  4 4 2
2 11.5002463 471.0407297  
2 3.4852399 17.8130491
2 9.8037034 265.2677546
2 4.6481669 48.5100692
2 6.2027583 107.9209763
2 4.0550573 31.4379599
2 2.5029220 16.9056440
2 4.0139760 17.8581420
1 13.9228489 16.0
3 14.5401353 222.76558240
2 3.4987206 -8.8867880
2 4.1385791 -10.8313312
2  10.56029676  -176.55873570
2  9.92179279  176.47766122
2  6.63157508  -23.42520941
2  4.94059077  22.92462656
2  7.02441831  -44.78358869
2  6.73623691  44.76521331
2  3.81203955  -5.56158538
2  3.62700278  5.48639997
2  2.87789898  -5.54350310
2  2.72363909  5.56129329

[KBdesign]
s

[Relativity]
frl

[XC]
pbe

[Configs]
12

500  2.00 -
510  6.00 -
520  6.00 -
600  1.00 -
610  0.00 -

500  2.00 -
510  6.00 -
520  6.00 -
600  1.00 -
610  1.00 -

500  2.00 -
510  6.00 -
520  6.00 -
600  2.00 -
610  0.00 -

500  2.00 -
510  6.00 -
520  7.00 -
600  1.00 -
610  0.00 -

500  2.00 -
510  6.00 -
520  6.00 -
600  1.00 -
610  0.00 -

500  2.00 -
510  6.00 -
520  5.00 -
600  1.00 -
610  0.00 -

500  2.00 -
510  6.00 -
520  6.00 -
600  0.00 -
610  0.00 -

500  2.00 -
510  6.00 -
520  5.00 -
600  0.00 -
610  0.00 -

500  2.00 -
510  6.00 -
520  4.00 -
600  0.00 -
610  0.00 -

500  2.00 -
510  6.00 -
520  3.00 -
600  0.00 -
610  0.00 -

500  2.00 -
510  6.00 -
520  2.00 -
600  0.00 -
610  0.00 -

500  2.00 -
510  6.00 -
520  1.00 -
600  0.00 -
610  0.00 -

### AE report ########################################

 AE:Orbital    Filling       Eigenvalues[Ry]          Norm
    ----------------------------------------------------------
	100+	 2.000	   -5397.9402285602
	200+	 2.000	    -941.3818942914
	210-	 2.000	    -900.8823304525
	210+	 4.000	    -789.5325868843
	300+	 2.000	    -220.3772596546
	310-	 2.000	    -202.3863894948
	310+	 4.000	    -178.0742514693
	320-	 4.000	    -148.2349355881
	320+	 6.000	    -142.9504805763
	400+	 2.000	     -47.7403146068
	410-	 2.000	     -40.2037178814
	410+	 4.000	     -34.4919636552
	420-	 4.000	     -22.1875046446
	420+	 6.000	     -21.1256835611
	430-	 6.000	      -5.5104400212
	430+	 8.000	      -5.3042858488
	500+	 2.000	      -8.2445884249	  0.0090581273
	510-	 2.000	      -5.9170004722	  0.0238244486
	510+	 4.000	      -5.0159627267	  0.0445631518
	520-	 2.000	      -1.9567297088	  0.2663844539
	520+	 3.000	      -1.8668939470	  0.2936572521
	600+	 0.500	      -1.6502900255	  0.7710639555
	610-	 0.167	      -1.1755883416	  0.8830352119
	610+	 0.333	      -1.0728422108	  0.9162924641

      E_tot =   -34513.2109201776 Ry

### PS report ########################################

    Orbital       Ghost
    -----------------------------------------------------------------
	500 	    no
	510 	    no
	510 	    no
	520 	    no
	520 	    no


### NL/SL report #####################################


 NL:Orbital    Filling       Eigenvalues[Ry]          Norm       Ghost
    ------------------------------------------------------------------
	500+	 2.000	      -8.2448134370	  0.0090452969	    no
	510-	 2.000	      -5.9854145583	  0.0234786371	    no
	510+	 4.000	      -5.0482706627	  0.0446206649	    no
	520-	 2.000	      -1.9671297566	  0.2687434701	    no
	520+	 3.000	      -1.8784783069	  0.2957103614	    no
	600+	 0.500	      -1.6440111684	  0.7767873987	    no
	610-	 0.167	      -1.1492272818	  0.9027203612	    no
	610+	 0.333	      -1.0677360953	  0.9206959992	    no

	 ========== No ghosts in potential!!========== 

      E_tot =     -179.2195650569 Ry

### KE report ########################################

	 ===   Ecut necessary for ~1    eV convergence error / electron === 
	 --------------------------------------------------------------- 
		 	 Ecut[Ry] 	 error [meV/e] 
	500+ 		   118 	          998.906 
	510- 		   71 	          997.289 
	510+ 		   59 	          987.268 
	520- 		   45 	          998.100 
	520+ 		   41 	          999.007 
	600+ 		   118 	          998.906 
	610- 		   71 	          997.289 
	610+ 		   59 	          987.268 
	 ===   Ecut necessary for ~100 meV convergence error / electron === 
	 --------------------------------------------------------------- 
		 	 Ecut[Ry] 	 error [meV/e] 
	500+ 		   186 	           99.978 
	510- 		   181 	           99.062 
	510+ 		   155 	           99.501 
	520- 		   84 	           98.908 
	520+ 		   79 	           99.483 
	600+ 		   186 	           99.978 
	610- 		   181 	           99.062 
	610+ 		   155 	           99.501 

	 ===   Ecut necessary for  ~10 meV convergence error / electron === 
	 --------------------------------------------------------------- 
		 	 Ecut[Ry] 	 error [meV/e] 
	500+ 		   338 	            9.907 
	510- 		   233 	            9.875 
	510+ 		   206 	            9.897 
	520- 		   112 	            9.906 
	520+ 		   107 	            9.966 
	600+ 		   338 	            9.907 
	610- 		   233 	            9.875 
	610+ 		   206 	            9.897 

	 ===   Ecut necessary for   ~1 meV convergence error / electron === 
	 --------------------------------------------------------------- 
		 	 Ecut[Ry] 	 error [meV/e] 
	500+ 		   405 	            0.992 
	510- 		   394 	            0.993 
	510+ 		   356 	            0.998 
	520- 		   233 	            0.994 
	520+ 		   234 	            0.999 
	600+ 		   405 	            0.992 
	610- 		   394 	            0.993 
	610+ 		   356 	            0.998 

### TC report ########################################

Comparison of total energies
Config	 E_sl(Ry)	 E_nl(Ry)	 Delta(eV)
0     -179.223343     -179.219565       -0.051397
1     -180.940686     -180.940665       -0.000285
2     -181.274398     -181.271337       -0.041638
3     -181.638327     -181.638312       -0.000206
4     -181.631041     -181.630990       -0.000703
5     -180.940686     -180.940665       -0.000285
6     -179.492664     -179.492664       -0.000002
7     -179.707097     -179.707071       -0.000346
8     -177.580018     -177.580018       -0.000005
9     -174.526606     -174.526543       -0.000860
10     -170.473411     -170.473097       -0.004268
11     -165.358215     -165.357331       -0.012028
12     -159.127262     -159.125316       -0.026472
MAD (eV): 0.0106535
