##########################################################
#    Opium Report File                                   #
##########################################################
     Opium version:        4.1

### copy of the parameter file #######################

[Atom]
Os
15
100   2.00  -
200   2.00  -
210   6.00  -
300   2.00  -
310   6.00  -
320   10.00  -
400   2.00  -
410   6.00  -
420   10.00  -
430   14.00  -
500   2.00  -
510   6.00  -
520   5.50  -
600   1.00  -
610   0.50  -

[Pseudo]
5 -1 -1 -1 -1 -1
g

[Gaussinfo]
16 5
2 2 2 2 4
2 11.5002463 471.0407297  
2 3.4852399 17.8130491
2 9.8037034 265.2677546
2 4.6481669 48.5100692
2 6.2027583 107.9209763
2 4.0550573 31.4379599
2 2.5029220 16.9056440
2 4.0139760 17.8581420
1 13.9228489 16.0
3 14.5401353 222.76558240
2 3.4987206 -8.8867880
2 4.1385791 -10.8313312

[KBdesign]
s

[Relativity]
nrl

[XC]
pbe

[Configs]
12

500  2.00 -
510  6.00 -
520  6.00 -
600  1.00 -
610  0.00 -

500  2.00 -
510  6.00 -
520  6.00 -
600  1.00 -
610  1.00 -

500  2.00 -
510  6.00 -
520  6.00 -
600  2.00 -
610  0.00 -

500  2.00 -
510  6.00 -
520  7.00 -
600  1.00 -
610  0.00 -

500  2.00 -
510  6.00 -
520  6.00 -
600  1.00 -
610  0.00 -

500  2.00 -
510  6.00 -
520  5.00 -
600  1.00 -
610  0.00 -

500  2.00 -
510  6.00 -
520  6.00 -
600  0.00 -
610  0.00 -

500  2.00 -
510  6.00 -
520  5.00 -
600  0.00 -
610  0.00 -

500  2.00 -
510  6.00 -
520  4.00 -
600  0.00 -
610  0.00 -

500  2.00 -
510  6.00 -
520  3.00 -
600  0.00 -
610  0.00 -

500  2.00 -
510  6.00 -
520  2.00 -
600  0.00 -
610  0.00 -

500  2.00 -
510  6.00 -
520  1.00 -
600  0.00 -
610  0.00 -

### AE report ########################################

 AE:Orbital    Filling       Eigenvalues[Ry]          Norm
    ----------------------------------------------------------
	100	 2.000	   -4954.7995542744
	200	 2.000	    -820.2495170336
	210	 6.000	    -787.2503688180
	300	 2.000	    -189.8524137205
	310	 6.000	    -174.4510703298
	320	10.000	    -145.7323137811
	400	 2.000	     -39.5476303185
	410	 6.000	     -33.0267623781
	420	10.000	     -21.1005817044
	430	14.000	      -5.3577013860
	500	 2.000	      -6.1954989175	  0.0209197409
	510	 6.000	      -4.2276571564	  0.0492917324
	520	 5.500	      -1.2654831588	  0.2938058626
	600	 1.000	      -0.9022031661	  0.8750388374
	610	 0.500	      -0.5616727954	  0.9439936865

      E_tot =   -32587.5984714783 Ry

### PS report ########################################

    Orbital       Ghost
    -----------------------------------------------------------------
	100 	    no
	210 	    no
	320 	    no


### NL/SL report #####################################


 NL:Orbital    Filling       Eigenvalues[Ry]          Norm       Ghost
    ------------------------------------------------------------------
	100 	 2.000	      -7.4476618083	  0.0093640508	    no
	210 	 6.000	      -4.5317996302	  0.0387772889	    no
	320 	 5.500	      -1.1756191999	  0.3201602898	    no
	200 	 1.000	      -1.0323556410	  0.8126217052	    no
	310 	 0.500	      -0.5709043168	  0.9395536497	    no

	 ========== No ghosts in potential!!========== 

      E_tot =     -180.4059087654 Ry

### KE report ########################################

	 ===   Ecut necessary for ~1    eV convergence error / electron === 
	 --------------------------------------------------------------- 
		 	 Ecut[Ry] 	 error [meV/e] 
	100  		   118 	          995.469 
	210  		   63 	          990.352 
	320  		   40 	          997.920 
	200  		   118 	          995.469 
	310  		   63 	          990.352 
	 ===   Ecut necessary for ~100 meV convergence error / electron === 
	 --------------------------------------------------------------- 
		 	 Ecut[Ry] 	 error [meV/e] 
	100  		   185 	           99.954 
	210  		   163 	           99.990 
	320  		   81 	           98.914 
	200  		   185 	           99.954 
	310  		   163 	           99.990 

	 ===   Ecut necessary for  ~10 meV convergence error / electron === 
	 --------------------------------------------------------------- 
		 	 Ecut[Ry] 	 error [meV/e] 
	100  		   338 	            9.977 
	210  		   215 	            9.961 
	320  		   1415 	           10.000 
	200  		   338 	            9.977 
	310  		   215 	            9.961 

	 ===   Ecut necessary for   ~1 meV convergence error / electron === 
	 --------------------------------------------------------------- 
		 	 Ecut[Ry] 	 error [meV/e] 
	100  		   405 	            0.995 
	210  		   367 	            0.994 
	320  		   2478 	            0.984 
	200  		   405 	            0.995 
	310  		   367 	            0.994 

### TC report ########################################

Comparison of total energies
Config	 E_sl(Ry)	 E_nl(Ry)	 Delta(eV)
0     -180.406376     -180.405909       -0.006360
1     -180.688936     -180.688934       -0.000021
2     -181.020091     -181.019564       -0.007183
3     -181.385975     -181.385974       -0.000023
4     -181.377081     -181.377070       -0.000145
5     -180.688936     -180.688934       -0.000021
6     -179.242864     -179.242862       -0.000030
7     -179.456041     -179.456040       -0.000025
8     -177.330892     -177.330887       -0.000061
9     -174.279162     -174.279121       -0.000559
10     -170.227372     -170.227238       -0.001824
11     -165.113300     -165.112989       -0.004225
12     -158.883198     -158.882593       -0.008234
MAD (eV): 0.00220844
