##########################################################
#    Opium Report File                                   #
##########################################################
     Opium version:        4.1

### copy of the parameter file #######################

[Atom]
Rn
16
100   2.00  -
200   2.00  -
210   6.00  -
300   2.00  -
310   6.00  -
320   10.00  -
400   2.00  -
410   6.00  -
420   10.00  -
430   14.00  -
500   2.00  -
510   6.00  -
520   10.00  -
600   2.00  -
610   3.50  -
700   0.10  -

[Pseudo]
3 -1 -1 -1
g

[KBdesign]
s

[Relativity]
frl

[XC]
pbe

[Gaussinfo]
8 5 3
2 2 2 2 4  4 4 2
2 2.0377625 35.7734923
2 0.2588937 -0.5821765
2 0.9290922 8.3648512
2 0.2410821 -0.2512474
2 0.6650092 2.9542750
2 0.6966871 4.2411224
2 0.7850605 -2.1500080
2 0.7512702 -2.6719706
1 1.9985017 8.0
3 2.1073198 15.9880136
2 1.9836377 -15.1076567
2 0.5569478 -0.2655759
2 1.67823029655543  -16.5424913359556
2 2.12739496305283  17.2877220701518
2 0.844905904505629 3.36148167339942
2 1.62609358132043  -0.857973497261721
2 1.51428831931828  -8.17597737132808
2 1.44602275582725  8.32712595662204
2 0.827482637030430 -2.19637418258487
2 0.752937223687086 2.04430103248513
2 1.24339085977438  2.26368781897693
2 0.881631905778549 -1.21501805411391

[Configs]
13

600   2.00 -
610   6.00 -
700   0.00 -

600   2.00 -
610   5.00 -
700   1.00 -

600   2.00 -
610   5.00 -
700   0.00 -

600   2.00 -
610   4.00 -
700   1.00 -

600   2.00 -
610   4.00 -
700   0.00 -

600   2.00 -
610   3.00 -
700   1.00 -

600   2.00 -
610   3.00 -
700   0.00 -

600   2.00 -
610   2.00 -
700   1.00 -

600   2.00 -
610   2.00 -
700   0.00 -

600   2.00 -
610   1.00 -
700   1.00 -

600   2.00 -
610   0.00 -
700   1.00 -

600   2.00 -
610   0.00 -
700   0.00 -

600   1.00 -
610   0.00 -
700   0.00 -

### AE report ########################################

 AE:Orbital    Filling       Eigenvalues[Ry]          Norm
    ----------------------------------------------------------
	100+	 2.000	   -7199.6895532588
	200+	 2.000	   -1312.0273300381
	210-	 2.000	   -1261.3734738444
	210+	 4.000	   -1061.6032764484
	300+	 2.000	    -323.3124855879
	310-	 2.000	    -300.5997888858
	310+	 4.000	    -255.3527947928
	320-	 4.000	    -219.0336292287
	320+	 6.000	    -209.5270340678
	400+	 2.000	     -78.4782792531
	410-	 2.000	     -68.5008496487
	410+	 4.000	     -57.1222064306
	420-	 4.000	     -41.1072081377
	420+	 6.000	     -38.9794834874
	430-	 6.000	     -18.0124240027
	430+	 8.000	     -17.4958724185
	500+	 2.000	     -16.5325988270
	510-	 2.000	     -12.9250673827
	510+	 4.000	     -10.5441052906
	520-	 4.000	      -5.3908935465
	520+	 6.000	      -5.0652606060
	600+	 2.000	      -3.2875413774	  0.0001249846
	610-	 1.167	      -2.3753719248	  0.0011015777
	610+	 2.333	      -2.0408217809	  0.0034552070
	700+	 0.100	      -1.0637794942	  0.2187173752

      E_tot =   -47162.8527052463 Ry

### PS report ########################################

    Orbital       Ghost
    -----------------------------------------------------------------
	600 	    no
	610 	    no
	610 	    no


### NL/SL report #####################################


 NL:Orbital    Filling       Eigenvalues[Ry]          Norm       Ghost
    ------------------------------------------------------------------
	600+	 2.000	      -3.3070210217	  0.0001605357	    no
	610-	 1.167	      -2.3782287702	  0.0011642744	    no
	610+	 2.333	      -2.0461637889	  0.0035003764	    no
	700+	 0.100	      -1.0587965269	  0.2266642798	    no

	 ========== No ghosts in potential!!========== 

      E_tot =      -26.5169450633 Ry

### KE report ########################################

	 ===   Ecut necessary for ~1    eV convergence error / electron === 
	 --------------------------------------------------------------- 
		 	 Ecut[Ry] 	 error [meV/e] 
	600+ 		   10 	          986.848 
	610- 		   4 	          982.795 
	610+ 		   3 	          997.605 
	700+ 		   10 	          986.848 
	 ===   Ecut necessary for ~100 meV convergence error / electron === 
	 --------------------------------------------------------------- 
		 	 Ecut[Ry] 	 error [meV/e] 
	600+ 		   29 	           98.493 
	610- 		   12 	           99.682 
	610+ 		   11 	           98.233 
	700+ 		   29 	           98.493 

	 ===   Ecut necessary for  ~10 meV convergence error / electron === 
	 --------------------------------------------------------------- 
		 	 Ecut[Ry] 	 error [meV/e] 
	600+ 		   40 	            9.783 
	610- 		   41 	            9.999 
	610+ 		   16 	            9.994 
	700+ 		   40 	            9.783 

	 ===   Ecut necessary for   ~1 meV convergence error / electron === 
	 --------------------------------------------------------------- 
		 	 Ecut[Ry] 	 error [meV/e] 
	600+ 		   73 	            0.990 
	610- 		   64 	            0.996 
	610+ 		   2415 	            0.996 
	700+ 		   73 	            0.990 

### TC report ########################################

Comparison of total energies
Config	 E_sl(Ry)	 E_nl(Ry)	 Delta(eV)
0      -26.516945      -26.516945        0.000001
1      -29.839294      -29.843783        0.061078
2      -29.232227      -29.233956        0.023516
3      -28.947384      -28.948800        0.019266
4      -28.114504      -28.114795        0.003960
5      -27.424509      -27.424620        0.001517
6      -26.373346      -26.373352        0.000073
7      -25.217366      -25.217474        0.001461
8      -23.949834      -23.950029        0.002655
9      -22.280949      -22.281418        0.006376
10      -20.797973      -20.798132        0.002162
11      -16.880742      -16.880742       -0.000005
12      -14.072123      -14.072123       -0.000003
13       -7.437585       -7.437584       -0.000000
MAD (eV): 0.00871951
