##########################################################
#    Opium Report File                                   #
##########################################################
     Opium version:        4.1

### copy of the parameter file #######################

[Atom]
Rn
17
100   2.00  -
200   2.00  -
210   6.00  -
300   2.00  -
310   6.00  -
320   10.00  -
400   2.00  -
410   6.00  -
420   10.00  -
430   14.00  -
500   2.00  -
510   6.00  -
520   10.00  -
600   2.00  -
610   5.00  -
620   0.50  -
700   0.50  -

[Pseudo]
4 -1 -1 -1 -1
g

[KBdesign]
s

[Relativity]
nrl

[XC]
pbe

[Gaussinfo]
8 5
2 2 2 2 4
2 2.0377625 35.7734923
2 0.2588937 -0.5821765
2 0.9290922 8.3648512
2 0.2410821 -0.2512474
2 0.6650092 2.9542750
2 0.6966871 4.2411224
2 0.7850605 -2.1500080
2 0.7512702 -2.6719706
1 1.9985017 8.0
3 2.1073198 15.9880136
2 1.9836377 -15.1076567
2 0.5569478 -0.2655759

[Configs]
13

600   2.00 -
610   6.00 -
620   0.00 -
700   0.00 -

600   2.00 -
610   5.00 -
620   0.00 -
700   1.00 -

600   2.00 -
610   5.00 -
620   1.00 -
700   0.00 -

600   2.00 -
610   5.00 -
620   0.00 -
700   0.00 -

600   2.00 -
610   4.00 -
620   0.00 -
700   1.00 -

600   2.00 -
610   4.00 -
620   0.00 -
700   0.00 -

600   2.00 -
610   3.00 -
620   0.00 -
700   1.00 -

600   2.00 -
610   3.00 -
620   0.00 -
700   0.00 -

600   2.00 -
610   2.00 -
620   0.00 -
700   1.00 -

600   1.00 -
610   3.00 -
620   0.00 -
700   0.00 -

600   1.00 -
610   2.00 -
620   0.00 -
700   0.00 -

600   1.00 -
610   1.00 -
620   0.00 -
700   0.00 -

600   1.00 -
610   0.00 -
620   0.00 -
700   0.00 -

### AE report ########################################

 AE:Orbital    Filling       Eigenvalues[Ry]          Norm
    ----------------------------------------------------------
	100	 2.000	   -6413.8984835601
	200	 2.000	   -1094.0107447313
	210	 6.000	   -1055.6241437491
	300	 2.000	    -267.1745118578
	310	 6.000	    -248.7010626827
	320	10.000	    -214.2072789318
	400	 2.000	     -62.8731323238
	410	 6.000	     -54.5898886471
	420	10.000	     -39.2299613797
	430	14.000	     -18.2000631374
	500	 2.000	     -12.1021930119
	510	 6.000	      -9.1337426597
	520	10.000	      -4.1288686931
	600	 2.000	      -1.5034758391	  0.0014129090
	610	 5.000	      -0.8147694444	  0.0111926005
	620	 0.500	      -0.0465908128	  0.6426066121
	700	 0.500	      -0.1319569942	  0.7283219735

      E_tot =   -43740.4989253481 Ry

### PS report ########################################

    Orbital       Ghost
    -----------------------------------------------------------------
	100 	    no
	210 	    no
	320 	    no


### NL/SL report #####################################


 NL:Orbital    Filling       Eigenvalues[Ry]          Norm       Ghost
    ------------------------------------------------------------------
	100 	 2.000	      -1.9428464719	  0.0004351934	    no
	210 	 5.000	      -0.8501590107	  0.0097341833	    no
	320 	 0.500	      -0.0330790881	  0.8142752658	    no
	200 	 0.500	      -0.1705855537	  0.6010363183	    no

	 ========== No ghosts in potential!!========== 

      E_tot =      -29.1077879654 Ry

### KE report ########################################

	 ===   Ecut necessary for ~1    eV convergence error / electron === 
	 --------------------------------------------------------------- 
		 	 Ecut[Ry] 	 error [meV/e] 
	100  		   10 	          997.753 
	210  		   3 	          986.314 
	320  		   -----  >2500 Ry   -----
	200  		   10 	          997.753 
	 ===   Ecut necessary for ~100 meV convergence error / electron === 
	 --------------------------------------------------------------- 
		 	 Ecut[Ry] 	 error [meV/e] 
	100  		   29 	           98.541 
	210  		   2293 	           99.896 
	320  		   -----  >2500 Ry   -----
	200  		   29 	           98.541 

	 ===   Ecut necessary for  ~10 meV convergence error / electron === 
	 --------------------------------------------------------------- 
		 	 Ecut[Ry] 	 error [meV/e] 
	100  		   40 	            9.751 
	210  		   2479 	            9.482 
	320  		   -----  >2500 Ry   -----
	200  		   40 	            9.751 

	 ===   Ecut necessary for   ~1 meV convergence error / electron === 
	 --------------------------------------------------------------- 
		 	 Ecut[Ry] 	 error [meV/e] 
	100  		   73 	            0.993 
	210  		   2497 	            0.940 
	320  		   -----  >2500 Ry   -----
	200  		   73 	            0.993 

### TC report ########################################

Comparison of total energies
Config	 E_sl(Ry)	 E_nl(Ry)	 Delta(eV)
0      -29.107788      -29.107788       -0.000000
1      -29.770547      -29.771150        0.008198
2      -29.176593      -29.176593        0.000004
3      -29.039314      -29.039316        0.000023
4      -28.893117      -28.893130        0.000187
5      -28.071547      -28.072037        0.006663
6      -27.382720      -27.383546        0.011243
7      -26.342051      -26.343585        0.020874
8      -25.186943      -25.189131        0.029762
9      -23.929443      -23.931649        0.030017
10      -21.036911      -21.040650        0.050878
11      -17.305600      -17.309212        0.049152
12      -12.778183      -12.780111        0.026229
13       -7.437584       -7.437584       -0.000000
MAD (eV): 0.0166594
