##########################################################
#    Opium Report File                                   #
##########################################################
     Opium version:        4.1

### copy of the parameter file #######################

[Atom]
Tl
15
100   2.00  -
200   2.00  -
210   6.00  -
300   2.00  -
310   6.00  -
320   10.00  -
400   2.00  -
410   6.00  -
420   10.00  -
430   14.00  -
500   2.00  -
510   6.00  -
520   9.50  -
600   1.50  -
610   0.50  -

[Pseudo]
5 -1 -1 -1 -1 -1
g

[Gaussinfo]
21 5
2 2 2 2 4
2 9.6879918 150.3754568
2 7.8712284 62.0897970
2 9.5985987 41.4892097
2 8.0065803 159.6510663
2 7.3202181 89.7946316
2 4.8033564 25.9201089
2 5.5877192 36.9294974
2 2.8484200 6.8120201
1 9.9364736 21.0
3 9.7586918 208.66594560
2 9.2087436 -139.6278585
2 9.0063916 -0.5996814

[KBdesign]
s

[Relativity]
nrl

[XC]
pbe

[Configs]
13

500  2.00 -
510  6.00 -
520  10.00 -
600  2.00 -
610  1.00 -

500  2.00 -
510  6.00 -
520  10.00 -
600  1.00 -
610  2.00 -

500  2.00 -
510  6.00 -
520  10.00 -
600  2.00 -
610  0.00 -

500  2.00 -
510  6.00 -
520  10.00 -
600  1.00 -
610  1.00 -

500  2.00 -
510  6.00 -
520  9.00 -
600  2.00 -
610  1.00 -

500  2.00 -
510  6.00 -
520  10.00 -
600  1.00 -
610  0.00 -

500  2.00 -
510  6.00 -
520  9.00 -
600  1.00 -
610  0.00 -

500  2.00 -
510  6.00 -
520  9.00 -
600  0.00 -
610  0.00 -

500  2.00 -
510  6.00 -
520  8.00 -
600  0.00 -
610  0.00 -

500  2.00 -
510  6.00 -
520  7.00 -
600  0.00 -
610  0.00 -

500  2.00 -
510  6.00 -
520  6.00 -
600  0.00 -
610  0.00 -

500  2.00 -
510  6.00 -
520  5.00 -
600  0.00 -
610  0.00 -

500  2.00 -
510  6.00 -
520  4.00 -
600  0.00 -
610  0.00 -

### AE report ########################################

 AE:Orbital    Filling       Eigenvalues[Ry]          Norm
    ----------------------------------------------------------
	100	 2.000	   -5660.0788366705
	200	 2.000	    -951.5238851382
	210	 6.000	    -915.8491905028
	300	 2.000	    -226.2716731886
	310	 6.000	    -209.3491492558
	320	10.000	    -177.7693125825
	400	 2.000	     -50.1443290652
	410	 6.000	     -42.7576637972
	420	10.000	     -29.1400063233
	430	14.000	     -10.7578470879
	500	 2.000	      -8.7126080498	  0.0943836983
	510	 6.000	      -6.2788011077	  0.1325128944
	520	 9.500	      -2.3936156831	  0.1840476629
	600	 1.500	      -1.3935106146	  0.9387486931
	610	 0.500	      -0.9316349664	  0.9578733024

      E_tot =   -37929.4367761815 Ry

### PS report ########################################

    Orbital       Ghost
    -----------------------------------------------------------------
	100 	    no
	210 	    no
	320 	    no


### NL/SL report #####################################


 NL:Orbital    Filling       Eigenvalues[Ry]          Norm       Ghost
    ------------------------------------------------------------------
	100 	 2.000	     -10.5794532844	  0.0486687349	    no
	210 	 6.000	      -6.7782569501	  0.1047105713	    no
	320 	 9.500	      -2.2164960221	  0.2008880274	    no
	200 	 1.500	      -1.6160840652	  0.9090542293	    no
	310 	 0.500	      -0.9486897149	  0.9563762572	    no

	 ========== No ghosts in potential!!========== 

      E_tot =     -343.2875736917 Ry

### KE report ########################################

	 ===   Ecut necessary for ~1    eV convergence error / electron === 
	 --------------------------------------------------------------- 
		 	 Ecut[Ry] 	 error [meV/e] 
	100  		   103 	          997.702 
	210  		   76 	          991.647 
	320  		   32 	          996.771 
	200  		   103 	          997.702 
	310  		   76 	          991.647 
	 ===   Ecut necessary for ~100 meV convergence error / electron === 
	 --------------------------------------------------------------- 
		 	 Ecut[Ry] 	 error [meV/e] 
	100  		   167 	           99.342 
	210  		   163 	           99.922 
	320  		   93 	           99.797 
	200  		   167 	           99.342 
	310  		   163 	           99.922 

	 ===   Ecut necessary for  ~10 meV convergence error / electron === 
	 --------------------------------------------------------------- 
		 	 Ecut[Ry] 	 error [meV/e] 
	100  		   218 	            9.992 
	210  		   229 	            9.891 
	320  		   125 	            9.929 
	200  		   218 	            9.992 
	310  		   229 	            9.891 

	 ===   Ecut necessary for   ~1 meV convergence error / electron === 
	 --------------------------------------------------------------- 
		 	 Ecut[Ry] 	 error [meV/e] 
	100  		   371 	            0.990 
	210  		   331 	            0.999 
	320  		   253 	            0.998 
	200  		   371 	            0.990 
	310  		   331 	            0.999 

### TC report ########################################

Comparison of total energies
Config	 E_sl(Ry)	 E_nl(Ry)	 Delta(eV)
0     -343.287249     -343.287574        0.004422
1     -344.956260     -344.956580        0.004355
2     -344.416003     -344.416757        0.010258
3     -344.574467     -344.574479        0.000157
4     -343.970354     -343.970875        0.007087
5     -343.395791     -343.396426        0.008643
6     -343.048518     -343.048525        0.000090
7     -340.091455     -340.091475        0.000268
8     -337.026743     -337.026786        0.000575
9     -332.074122     -332.074344        0.003017
10     -325.914743     -325.915297        0.007543
11     -318.493357     -318.494387        0.014018
12     -309.759901     -309.761508        0.021868
13     -299.668551     -299.670764        0.030098
MAD (eV): 0.00802843
