##########################################################
#    Opium Report File                                   #
##########################################################
     Opium version:        4.1

### copy of the parameter file #######################

[Atom]
Tl
15
100   2.00  -
200   2.00  -
210   6.00  -
300   2.00  -
310   6.00  -
320   10.00  -
400   2.00  -
410   6.00  -
420   10.00  -
430   14.00  -
500   2.00  -
510   6.00  -
520   9.50  -
600   1.50  -
610   0.50  -

[Pseudo]
5 -1 -1 -1 -1 -1
g

[Gaussinfo]
21 5 3
2 2 2 2 4  4 4 4
2 9.6879918 150.3754568
2 7.8712284 62.0897970
2 9.5985987 41.4892097
2 8.0065803 159.6510663
2 7.3202181 89.7946316
2 4.8033564 25.9201089
2 5.5877192 36.9294974
2 2.8484200 6.8120201
1 9.9364736 21.0
3 9.7586918 208.66594560
2 9.2087436 -139.6278585
2 9.0063916 -0.5996814
2 7.45487225489508 -9.32583105022434
2 3.60695022095249 9.43220516232552
2 9.04517758863761 -144.675271481784
2 9.06452027492951 144.473759871600
2 7.61110133805649 -35.8041793206935
2 6.50957912204442 36.0902033395242
2 4.83254910704299 -10.2557481858193
2 5.98017023126105 10.4968262542656
2 5.70505800000000 -10.4918670000000
2 5.62761100000000 10.4935510000000
2 2.95360500000000 -1.88495900000000
2 2.90011000000000 1.88999200000000

[KBdesign]
s

[Relativity]
frl

[XC]
pbe

[Configs]
11

500  2.00 -
510  6.00 -
520  10.00 -
600  2.00 -
610  1.00 -

500  2.00 -
510  6.00 -
520  10.00 -
600  1.00 -
610  2.00 -

500  2.00 -
510  6.00 -
520  10.00 -
600  2.00 -
610  0.00 -

500  2.00 -
510  6.00 -
520  10.00 -
600  1.00 -
610  1.00 -

500  2.00 -
510  6.00 -
520  9.00 -
600  2.00 -
610  1.00 -

500  2.00 -
510  6.00 -
520  10.00 -
600  1.00 -
610  0.00 -

500  2.00 -
510  6.00 -
520  9.00 -
600  1.00 -
610  0.00 -

500  2.00 -
510  6.00 -
520  9.00 -
600  0.00 -
610  0.00 -

500  2.00 -
510  6.00 -
520  8.00 -
600  0.00 -
610  0.00 -

500  2.00 -
510  6.00 -
520  7.00 -
600  0.00 -
610  0.00 -

500  2.00 -
510  6.00 -
520  6.00 -
600  0.00 -
610  0.00 -

### AE report ########################################

 AE:Orbital    Filling       Eigenvalues[Ry]          Norm
    ----------------------------------------------------------
	100+	 2.000	   -6253.0583983940
	200+	 2.000	   -1114.0742403907
	210-	 2.000	   -1068.7670521963
	210+	 4.000	    -918.6611380401
	300+	 2.000	    -266.9146203828
	310-	 2.000	    -246.6622428646
	310+	 4.000	    -213.2473961054
	320-	 4.000	    -180.2257119299
	320+	 6.000	    -173.0643252837
	400+	 2.000	     -60.4590144448
	410-	 2.000	     -51.7535396000
	410+	 4.000	     -43.6267637923
	420-	 4.000	     -29.5075415564
	420+	 6.000	     -27.9856721750
	430-	 6.000	      -9.7071770831
	430+	 8.000	      -9.3695729969
	500+	 2.000	     -10.6942781258	  0.0479363259
	510-	 2.000	      -7.7744306833	  0.0719543740
	510+	 4.000	      -6.2961345579	  0.1253633295
	520-	 3.800	      -2.3179642778	  0.1846434537
	520+	 5.700	      -2.1502572115	  0.2121171050
	600+	 1.500	      -1.6132730205	  0.9117921502
	610-	 0.167	      -1.0435074001	  0.9479621078
	610+	 0.333	      -0.9094850528	  0.9581178413

      E_tot =   -40515.2872142003 Ry

### PS report ########################################

    Orbital       Ghost
    -----------------------------------------------------------------
	500 	    no
	510 	    no
	510 	    no
	520 	    no
	520 	    no


### NL/SL report #####################################


 NL:Orbital    Filling       Eigenvalues[Ry]          Norm       Ghost
    ------------------------------------------------------------------
	500+	 2.000	     -10.5792287104	  0.0487012769	    no
	510-	 2.000	      -7.9564772703	  0.0703962786	    no
	510+	 4.000	      -6.2649621831	  0.1258755434	    no
	520-	 3.800	      -2.3071282164	  0.1853971967	    no
	520+	 5.700	      -2.1661218574	  0.2104262619	    no
	600+	 1.500	      -1.6165438650	  0.9089802192	    no
	610-	 0.167	      -1.0360612092	  0.9509568546	    no
	610+	 0.333	      -0.9098106389	  0.9571451409	    no

	 ========== No ghosts in potential!!========== 

      E_tot =     -343.6354411385 Ry

### KE report ########################################

	 ===   Ecut necessary for ~1    eV convergence error / electron === 
	 --------------------------------------------------------------- 
		 	 Ecut[Ry] 	 error [meV/e] 
	500+ 		   103 	          997.306 
	510- 		   83 	          997.571 
	510+ 		   72 	          991.841 
	520- 		   33 	          996.290 
	520+ 		   32 	          991.023 
	600+ 		   103 	          997.306 
	610- 		   83 	          997.571 
	610+ 		   72 	          991.841 
	 ===   Ecut necessary for ~100 meV convergence error / electron === 
	 --------------------------------------------------------------- 
		 	 Ecut[Ry] 	 error [meV/e] 
	500+ 		   167 	           99.426 
	510- 		   181 	           99.837 
	510+ 		   153 	           99.535 
	520- 		   94 	           99.463 
	520+ 		   92 	           99.488 
	600+ 		   167 	           99.426 
	610- 		   181 	           99.837 
	610+ 		   153 	           99.535 

	 ===   Ecut necessary for  ~10 meV convergence error / electron === 
	 --------------------------------------------------------------- 
		 	 Ecut[Ry] 	 error [meV/e] 
	500+ 		   218 	            9.964 
	510- 		   243 	            9.880 
	510+ 		   221 	            9.919 
	520- 		   129 	            9.986 
	520+ 		   124 	            9.959 
	600+ 		   218 	            9.964 
	610- 		   243 	            9.880 
	610+ 		   221 	            9.919 

	 ===   Ecut necessary for   ~1 meV convergence error / electron === 
	 --------------------------------------------------------------- 
		 	 Ecut[Ry] 	 error [meV/e] 
	500+ 		   372 	            0.995 
	510- 		   375 	            0.996 
	510+ 		   278 	            0.996 
	520- 		   260 	            0.992 
	520+ 		   249 	            0.997 
	600+ 		   372 	            0.995 
	610- 		   375 	            0.996 
	610+ 		   278 	            0.996 

### TC report ########################################

Comparison of total energies
Config	 E_sl(Ry)	 E_nl(Ry)	 Delta(eV)
0     -343.634935     -343.635441        0.006882
1     -345.308773     -345.309154        0.005187
2     -344.771199     -344.772171        0.013215
3     -344.924030     -344.924042        0.000163
4     -344.322255     -344.323016        0.010361
5     -343.742202     -343.743169        0.013155
6     -343.397606     -343.397613        0.000103
7     -340.434108     -340.434129        0.000284
8     -337.368481     -337.368524        0.000585
9     -332.408709     -332.408946        0.003223
10     -326.241736     -326.242348        0.008326
11     -318.812330     -318.813507        0.016011
MAD (eV): 0.00645801
