##########################################################
#    Opium Report File                                   #
##########################################################
     Opium version:        4.1

### copy of the parameter file #######################

[Atom]
Hg
15
100   2.00  -
200   2.00  -
210   6.00  -
300   2.00  -
310   6.00  -
320   10.00  -
400   2.00  -
410   6.00  -
420   10.00  -
430   14.00  -
500   2.00  -
510   6.00  -
520   9.50  -
600   1.00  -
610   0.50  -

[Pseudo]
3 -1 -1 -1
g

[Gaussinfo]
12 5
2 2 2 2 4
2 3.9402780 62.6534924  
2 1.6219532 38.0999013
2 2.7176799 55.8070418
2 1.0508824 17.0209069
2 7.0190220 69.6015582
2 2.0843420 -4.9507776
2 6.1957061 31.7261100
2 0.6235521 -0.3333534
1 3.0075250 12.0
3 2.9861954 36.09030000
2 2.2847162 -6.9653015
2 1.7923131 -14.9372952

[KBdesign]
s

[Relativity]
nrl

[XC]
pbe

[Configs]
11

520  10.00 -
600  2.00 -
610  0.00 -

520  10.00 -
600  1.00 -
610  1.00 -

520  10.00 -
600  0.00 -
610  2.00 -

520  10.00 -
600  1.00 -
610  0.00 -

520  9.00 -
600  2.00 -
610  0.00 -

520  10.00 -
600  0.00 -
610  1.00 -

520  9.00 -
600  0.00 -
610  2.00 -

520  10.00 -
600  0.00 -
610  0.00 -

520  9.00 -
600  1.00 -
610  0.00 -

520  9.00 -
600  0.00 -
610  1.00 -

520  9.00 -
600  0.00 -
610  0.00 -

### AE report ########################################

 AE:Orbital    Filling       Eigenvalues[Ry]          Norm
    ----------------------------------------------------------
	100	 2.000	   -5514.6470391437
	200	 2.000	    -923.8767607720
	210	 6.000	    -888.7402048982
	300	 2.000	    -218.1337371734
	310	 6.000	    -201.5179151404
	320	10.000	    -170.5145222853
	400	 2.000	     -47.3590823447
	410	 6.000	     -40.1482812419
	420	10.000	     -26.8734548496
	430	14.000	      -9.0202007460
	500	 2.000	      -7.6551890108
	510	 6.000	      -5.3262169510
	600	 1.000	      -0.9800328309	  0.3497350907
	610	 0.500	      -0.5918389937	  0.3825728386
	520	 9.500	      -1.6724827262	  0.0258627084

      E_tot =   -36824.3400030117 Ry

### PS report ########################################

    Orbital       Ghost
    -----------------------------------------------------------------
	100 	    no
	210 	    no
	320 	    no


### NL/SL report #####################################


 NL:Orbital    Filling       Eigenvalues[Ry]          Norm       Ghost
    ------------------------------------------------------------------
	100 	 1.000	      -1.1085091164	  0.2513889508	    no
	210 	 0.500	      -0.5771573774	  0.3816205074	    no
	320 	 9.500	      -1.8120357066	  0.0193736352	    no

	 ========== No ghosts in potential!!========== 

      E_tot =      -85.6119410278 Ry

### KE report ########################################

	 ===   Ecut necessary for ~1    eV convergence error / electron === 
	 --------------------------------------------------------------- 
		 	 Ecut[Ry] 	 error [meV/e] 
	100  		   7 	          985.776 
	210  		   2490 	          961.532 
	320  		   47 	          998.651 
	 ===   Ecut necessary for ~100 meV convergence error / electron === 
	 --------------------------------------------------------------- 
		 	 Ecut[Ry] 	 error [meV/e] 
	100  		   2320 	           99.574 
	210  		   2498 	           61.543 
	320  		   90 	           99.583 

	 ===   Ecut necessary for  ~10 meV convergence error / electron === 
	 --------------------------------------------------------------- 
		 	 Ecut[Ry] 	 error [meV/e] 
	100  		   2480 	            9.461 
	210  		   -----  >2500 Ry   -----
	320  		   118 	            9.866 

	 ===   Ecut necessary for   ~1 meV convergence error / electron === 
	 --------------------------------------------------------------- 
		 	 Ecut[Ry] 	 error [meV/e] 
	100  		   -----  >2500 Ry   -----
	210  		   -----  >2500 Ry   -----
	320  		   202 	            0.998 

### TC report ########################################

Comparison of total energies
Config	 E_sl(Ry)	 E_nl(Ry)	 Delta(eV)
0      -85.611941      -85.611941       -0.000000
1      -86.915114      -86.913633       -0.020160
2      -86.513633      -86.512565       -0.014530
3      -86.073384      -86.072699       -0.009329
4      -86.194414      -86.193263       -0.015663
5      -85.515231      -85.514539       -0.009415
6      -85.687694      -85.686974       -0.009805
7      -84.380743      -84.379002       -0.023694
8      -84.879119      -84.878477       -0.008727
9      -84.087656      -84.086344       -0.017839
10      -83.445083      -83.443191       -0.025740
11      -82.000879      -81.998146       -0.037187
MAD (eV): 0.0160074
