##########################################################
#    Opium Report File                                   #
##########################################################
     Opium version:        4.1

### copy of the parameter file #######################

[Atom]
Hg
15
100   2.00  -
200   2.00  -
210   6.00  -
300   2.00  -
310   6.00  -
320   10.00  -
400   2.00  -
410   6.00  -
420   10.00  -
430   14.00  -
500   2.00  -
510   6.00  -
520   9.50  -
600   1.00  -
610   0.50  -

[Pseudo]
3 -1 -1 -1
g

[Gaussinfo]
12 5 3
2 2 2 2 4   4 2 2
2 3.9402780 62.6534924  
2 1.6219532 38.0999013
2 2.7176799 55.8070418
2 1.0508824 17.0209069
2 7.0190220 69.6015582
2 2.0843420 -4.9507776
2 6.1957061 31.7261100
2 0.6235521 -0.3333534
1 3.0075250 12.0
3 2.9861954 36.09030000
2 2.2847162 -6.9653015
2 1.7923131 -14.9372952
2 0.99079801 -5.21882485
2 0.84933065 5.55840784
2 0.46601533 0.42168835
2 0.32983995 -0.10899530
2 0.85296812 -2.90123901
2 0.52663411 2.93849132
2 0.55866903 0.96479017
2 0.80649040 -1.73946395

[KBdesign]
s

[Relativity]
frl

[XC]
pbe

[Configs]
7

520  10.00 -
600  2.00 -
610  0.00 -

520  10.00 -
600  1.00 -
610  1.00 -

520  10.00 -
600  0.00 -
610  2.00 -

520  10.00 -
600  0.00 -
610  0.00 -

520  9.00 -
600  1.00 -
610  0.00 -

520  9.00 -
600  0.00 -
610  1.00 -

520  9.00 -
600  0.00 -
610  0.00 -

### AE report ########################################

 AE:Orbital    Filling       Eigenvalues[Ry]          Norm
    ----------------------------------------------------------
	100+	 2.000	   -6074.5441483320
	200+	 2.000	   -1077.1513904772
	210-	 2.000	   -1032.8459732854
	210+	 4.000	    -891.2864088535
	300+	 2.000	    -256.3943157342
	310-	 2.000	    -236.6092331064
	310+	 4.000	    -205.2131154279
	320-	 4.000	    -172.8368468710
	320+	 6.000	    -166.0859985264
	400+	 2.000	     -57.0515468809
	410-	 2.000	     -48.5878947948
	410+	 4.000	     -41.0045273170
	420-	 4.000	     -27.2550714249
	420+	 6.000	     -25.8360388916
	430-	 6.000	      -8.0927102537
	430+	 8.000	      -7.7849272784
	500+	 2.000	      -9.4958160309
	510-	 2.000	      -6.7063901231
	510+	 4.000	      -5.3721563508
	600+	 1.000	      -1.1671963210	  0.2281279385
	610-	 0.167	      -0.6779239716	  0.2671797021
	610+	 0.333	      -0.5810149551	  0.3775873673
	520-	 3.800	      -1.6312172218	  0.0262585449
	520+	 5.700	      -1.4897185503	  0.0342790586

      E_tot =   -39265.1039585478 Ry

### PS report ########################################

    Orbital       Ghost
    -----------------------------------------------------------------
	600 	    no
	610 	    no
	610 	    no
	520 	    no
	520 	    no


### NL/SL report #####################################


 NL:Orbital    Filling       Eigenvalues[Ry]          Norm       Ghost
    ------------------------------------------------------------------
	600+	 1.000	      -1.1547243552	  0.2375576521	    no
	610-	 0.167	      -0.6848967983	  0.2679590063	    no
	610+	 0.333	      -0.5718089896	  0.3989985151	    no
	520-	 3.800	      -3.2273975815	  0.0055155177	    no
	520+	 5.700	      -1.1001903670	  0.0513778102	    no

	 ========== No ghosts in potential!!========== 

      E_tot =      -85.8970952829 Ry

### KE report ########################################

	 ===   Ecut necessary for ~1    eV convergence error / electron === 
	 --------------------------------------------------------------- 
		 	 Ecut[Ry] 	 error [meV/e] 
	600+ 		   7 	          983.877 
	610- 		   2460 	          995.854 
	610+ 		   2491 	          862.729 
	520- 		   52 	          996.360 
	520+ 		   32 	          996.869 
	 ===   Ecut necessary for ~100 meV convergence error / electron === 
	 --------------------------------------------------------------- 
		 	 Ecut[Ry] 	 error [meV/e] 
	600+ 		   2171 	           99.757 
	610- 		   2495 	           75.071 
	610+ 		   2498 	           66.814 
	520- 		   91 	           99.744 
	520+ 		   91 	           99.128 

	 ===   Ecut necessary for  ~10 meV convergence error / electron === 
	 --------------------------------------------------------------- 
		 	 Ecut[Ry] 	 error [meV/e] 
	600+ 		   2475 	            9.455 
	610- 		   2499 	            6.491 
	610+ 		   -----  >2500 Ry   -----
	520- 		   118 	            9.929 
	520+ 		   509 	           10.000 

	 ===   Ecut necessary for   ~1 meV convergence error / electron === 
	 --------------------------------------------------------------- 
		 	 Ecut[Ry] 	 error [meV/e] 
	600+ 		   2499 	            0.971 
	610- 		   -----  >2500 Ry   -----
	610+ 		   -----  >2500 Ry   -----
	520- 		   204 	            0.992 
	520+ 		   2472 	            0.942 

### TC report ########################################

Comparison of total energies
Config	 E_sl(Ry)	 E_nl(Ry)	 Delta(eV)
0      -85.897095      -85.897095        0.000000
1      -87.327939      -87.329819        0.025569
2      -86.893358      -86.894232        0.011887
3      -86.428254      -86.428453        0.002709
4      -85.165696      -85.165101       -0.008088
5      -84.296802      -84.297625        0.011200
6      -83.650023      -83.651572        0.021077
7      -82.176628      -82.179633        0.040895
MAD (eV): 0.015178
