##########################################################
#    Opium Report File                                   #
##########################################################
     Opium version:        4.1

### copy of the parameter file #######################

[Atom]
Sb
11            
100   2.00  -
200   2.00  -
210   6.00  -
300   2.00  -
310   6.00  -
320  10.00  -
400   2.00  -
410   6.00  -
420  10.00  -
500   2.00  -
510   2.00  -

[Pseudo]
2 -1 -1
g

[Gaussinfo]
5 4
2 2 2 4
2 2.33204100 68.29288100
2 1.37653100 -7.22058600
2 2.16181562 54.49767028
2 1.21915848 -1.96370436
2 0.93001300 3.77421800
2 0.91265100 5.63755200
1 1.50000000 5.00000000
3 1.50000000 7.50000000
2 1.61932697 -14.98423520
2 1.50000000 -1.95088000

[KBdesign]
s

[Relativity]
srl

[XC]
pbe

[Configs]
6

500   2.00  -
510   3.00  -

500   2.00  -
510   1.00  -

500   1.00  -
510   4.00  -

500   0.00  -
510   5.00  -

500   2.00  -
510   0.00  -

500   1.00  -
510   0.00  -

### AE report ########################################

 AE:Orbital    Filling       Eigenvalues[Ry]          Norm
    ----------------------------------------------------------
	500	 2.000	      -1.5142563572	  0.1474112220
	510	 2.000	      -0.8821321985	  0.3304398536

      E_tot =   -12954.6427519856 Ry

### PS report ########################################

    Orbital       Ghost
    -----------------------------------------------------------------
	100 	    no
	210 	    no


### NL/SL report #####################################


 NL:Orbital    Filling       Eigenvalues[Ry]          Norm       Ghost
    ------------------------------------------------------------------
	100 	 2.000	      -1.5036875373	  0.1523594387	    no
	210 	 2.000	      -0.8874022553	  0.3315253179	    no

	 ========== No ghosts in potential!!========== 

      E_tot =      -10.1060748447 Ry

### KE report ########################################

	 ===   Ecut necessary for ~1    eV convergence error / electron === 
	 --------------------------------------------------------------- 
		 	 Ecut[Ry] 	 error [meV/e] 
	100  		   9 	          995.834 
	210  		   15 	          997.680 
	 ===   Ecut necessary for ~100 meV convergence error / electron === 
	 --------------------------------------------------------------- 
		 	 Ecut[Ry] 	 error [meV/e] 
	100  		   30 	           98.751 
	210  		   2463 	           99.338 

	 ===   Ecut necessary for  ~10 meV convergence error / electron === 
	 --------------------------------------------------------------- 
		 	 Ecut[Ry] 	 error [meV/e] 
	100  		   48 	            9.985 
	210  		   2492 	            9.173 

	 ===   Ecut necessary for   ~1 meV convergence error / electron === 
	 --------------------------------------------------------------- 
		 	 Ecut[Ry] 	 error [meV/e] 
	100  		   2468 	            0.970 
	210  		   2497 	            0.576 

### TC report ########################################

Comparison of total energies
Config	 E_sl(Ry)	 E_nl(Ry)	 Delta(eV)
0      -10.106075      -10.106075        0.000000
1      -10.723050      -10.723063        0.000175
2       -8.926733       -8.926743        0.000143
3      -10.146322      -10.146331        0.000116
4       -9.557441       -9.557447        0.000082
5       -7.131948       -7.131948       -0.000000
6       -3.919470       -3.919470        0.000000
MAD (eV): 7.36965e-05
