##########################################################
#    Opium Report File                                   #
##########################################################
     Opium version:        4.1

### copy of the parameter file #######################

[Atom]
Tl
15
100   2.00  -
200   2.00  -
210   6.00  -
300   2.00  -
310   6.00  -
320   10.00  -
400   2.00  -
410   6.00  -
420   10.00  -
430   14.00  -
500   2.00  -
510   6.00  -
520   9.50  -
600   1.50  -
610   0.50  -

[Pseudo]
3 -1 -1 -1
g

[Gaussinfo]
13 5
2 2 2 2 4
2 3.9402780 62.6534924  
2 1.6219532 38.0999013
2 2.7176799 55.8070418
2 1.0618053 17.0209069
2 7.0190220 69.6015582
2 2.0843420 -4.9507776
2 6.1957061 31.7261100
2 0.6235521 -0.3333534
1 3.0075250 13.0
3 2.9861954 39.09782500
2 2.2847162 -6.9653015
2 1.7923131 -14.9372952

[KBdesign]
s

[Relativity]
nrl

[XC]
pbe

[Configs]
13

520  10.00 -
600  2.00 -
610  1.00 -

520  10.00 -
600  1.00 -
610  2.00 -

520  10.00 -
600  2.00 -
610  0.00 -

520  10.00 -
600  1.00 -
610  1.00 -

520  10.00 -
600  0.00 -
610  2.00 -

520  10.00 -
600  1.00 -
610  0.00 -

520  9.00 -
600  2.00 -
610  0.00 -

520  10.00 -
600  0.00 -
610  1.00 -

520  9.00 -
600  0.00 -
610  2.00 -

520  10.00 -
600  0.00 -
610  0.00 -

520  9.00 -
600  1.00 -
610  0.00 -

520  9.00 -
600  0.00 -
610  1.00 -

520  9.00 -
600  0.00 -
610  0.00 -

### AE report ########################################

 AE:Orbital    Filling       Eigenvalues[Ry]          Norm
    ----------------------------------------------------------
	100	 2.000	   -5660.0788366705
	200	 2.000	    -951.5238851382
	210	 6.000	    -915.8491905028
	300	 2.000	    -226.2716731886
	310	 6.000	    -209.3491492558
	320	10.000	    -177.7693125825
	400	 2.000	     -50.1443290652
	410	 6.000	     -42.7576637972
	420	10.000	     -29.1400063233
	430	14.000	     -10.7578470879
	500	 2.000	      -8.7126080498
	510	 6.000	      -6.2788011077
	600	 1.500	      -1.3935106146	  0.2656711237
	610	 0.500	      -0.9316349664	  0.2601897497
	520	 9.500	      -2.3936156831	  0.0145519821

      E_tot =   -37929.4367761815 Ry

### PS report ########################################

    Orbital       Ghost
    -----------------------------------------------------------------
	100 	    no
	210 	    no
	320 	    no


### NL/SL report #####################################


 NL:Orbital    Filling       Eigenvalues[Ry]          Norm       Ghost
    ------------------------------------------------------------------
	100 	 1.500	      -1.5479613552	  0.1894324457	    no
	210 	 0.500	      -0.9146568009	  0.2598645797	    no
	320 	 9.500	      -2.4931054394	  0.0130672505	    no

	 ========== No ghosts in potential!!========== 

      E_tot =     -100.4796758811 Ry

### KE report ########################################

	 ===   Ecut necessary for ~1    eV convergence error / electron === 
	 --------------------------------------------------------------- 
		 	 Ecut[Ry] 	 error [meV/e] 
	100  		   7 	          987.634 
	210  		   2389 	          994.223 
	320  		   50 	          997.425 
	 ===   Ecut necessary for ~100 meV convergence error / electron === 
	 --------------------------------------------------------------- 
		 	 Ecut[Ry] 	 error [meV/e] 
	100  		   26 	           99.030 
	210  		   2482 	           87.780 
	320  		   90 	           98.599 

	 ===   Ecut necessary for  ~10 meV convergence error / electron === 
	 --------------------------------------------------------------- 
		 	 Ecut[Ry] 	 error [meV/e] 
	100  		   2341 	            9.988 
	210  		   -----  >2500 Ry   -----
	320  		   116 	            9.904 

	 ===   Ecut necessary for   ~1 meV convergence error / electron === 
	 --------------------------------------------------------------- 
		 	 Ecut[Ry] 	 error [meV/e] 
	100  		   2492 	            0.973 
	210  		   -----  >2500 Ry   -----
	320  		   201 	            0.993 

### TC report ########################################

Comparison of total energies
Config	 E_sl(Ry)	 E_nl(Ry)	 Delta(eV)
0     -100.479676     -100.479676        0.000000
1     -102.246194     -102.244839       -0.018444
2     -101.743372     -101.742537       -0.011364
3     -101.880962     -101.879454       -0.020519
4     -101.314586     -101.313636       -0.012923
5     -100.725529     -100.725002       -0.007168
6     -100.428047     -100.427168       -0.011963
7      -99.449932      -99.448966       -0.013137
8      -99.775714      -99.775257       -0.006209
9      -98.040188      -98.038005       -0.029706
10      -98.306121      -98.305790       -0.004495
11      -97.207138      -97.205071       -0.028118
12      -96.433802      -96.431165       -0.035871
13      -94.246383      -94.242091       -0.058402
MAD (eV): 0.0184513
