##########################################################
#    Opium Report File                                   #
##########################################################
     Opium version:        4.1

### copy of the parameter file #######################

[Atom]
Tl
15
100   2.00  -
200   2.00  -
210   6.00  -
300   2.00  -
310   6.00  -
320   10.00  -
400   2.00  -
410   6.00  -
420   10.00  -
430   14.00  -
500   2.00  -
510   6.00  -
520   9.50  -
600   1.50  -
610   0.50  -

[Pseudo]
3 -1 -1 -1
g

[Gaussinfo]
13 5 3
2 2 2 2 4   4 2 2
2 3.9402780 62.6534924  
2 1.6219532 38.0999013
2 2.7176799 55.8070418
2 1.0618053 17.0209069
2 7.0190220 69.6015582
2 2.0843420 -4.9507776
2 6.1957061 31.7261100
2 0.6235521 -0.3333534
1 3.0075250 13.0
3 2.9861954 39.09782500
2 2.2847162 -6.9653015
2 1.7923131 -14.9372952
2 0.91280187 -5.22178985
2 0.86093721 5.57358679
2 0.23597683 0.31867617
2 0.11413689 -0.10473685
2 0.66940558 -2.96170965
2 0.60569147 2.82269932
2 0.80335031 1.43227899
2 0.79120735 -1.33040274

[KBdesign]
s

[Relativity]
frl

[XC]
pbe

[Configs]
13

520  10.00 -
600  2.00 -
610  1.00 -

520  10.00 -
600  1.00 -
610  2.00 -

520  10.00 -
600  2.00 -
610  0.00 -

520  10.00 -
600  1.00 -
610  1.00 -

520  10.00 -
600  0.00 -
610  2.00 -

520  10.00 -
600  1.00 -
610  0.00 -

520  9.00 -
600  2.00 -
610  0.00 -

520  10.00 -
600  0.00 -
610  1.00 -

520  9.00 -
600  0.00 -
610  2.00 -

520  10.00 -
600  0.00 -
610  0.00 -

520  9.00 -
600  1.00 -
610  0.00 -

520  9.00 -
600  0.00 -
610  1.00 -

520  9.00 -
600  0.00 -
610  0.00 -

### AE report ########################################

 AE:Orbital    Filling       Eigenvalues[Ry]          Norm
    ----------------------------------------------------------
	100+	 2.000	   -6253.0583983940
	200+	 2.000	   -1114.0742403907
	210-	 2.000	   -1068.7670521963
	210+	 4.000	    -918.6611380401
	300+	 2.000	    -266.9146203828
	310-	 2.000	    -246.6622428646
	310+	 4.000	    -213.2473961054
	320-	 4.000	    -180.2257119299
	320+	 6.000	    -173.0643252837
	400+	 2.000	     -60.4590144448
	410-	 2.000	     -51.7535396000
	410+	 4.000	     -43.6267637923
	420-	 4.000	     -29.5075415564
	420+	 6.000	     -27.9856721750
	430-	 6.000	      -9.7071770831
	430+	 8.000	      -9.3695729969
	500+	 2.000	     -10.6942781258
	510-	 2.000	      -7.7744306833
	510+	 4.000	      -6.2961345579
	600+	 1.500	      -1.6132730205	  0.1664039485
	610-	 0.167	      -1.0435074001	  0.1725381887
	610+	 0.333	      -0.9094850528	  0.2612442840
	520-	 3.800	      -2.3179642778	  0.0150537399
	520+	 5.700	      -2.1502572115	  0.0198713782

      E_tot =   -40515.2872142002 Ry

### PS report ########################################

    Orbital       Ghost
    -----------------------------------------------------------------
	600 	    no
	610 	    no
	610 	    no
	520 	    no
	520 	    no


### NL/SL report #####################################


 NL:Orbital    Filling       Eigenvalues[Ry]          Norm       Ghost
    ------------------------------------------------------------------
	600+	 1.500	      -1.5478741580	  0.1894528446	    no
	610-	 0.167	      -0.9927223051	  0.1991526002	    no
	610+	 0.333	      -0.8830556287	  0.2912182681	    no
	520-	 3.800	      -2.6064362375	  0.0123840535	    no
	520+	 5.700	      -2.4178391527	  0.0135604752	    no

	 ========== No ghosts in potential!!========== 

      E_tot =     -100.4864328596 Ry

### KE report ########################################

	 ===   Ecut necessary for ~1    eV convergence error / electron === 
	 --------------------------------------------------------------- 
		 	 Ecut[Ry] 	 error [meV/e] 
	600+ 		   7 	          987.608 
	610- 		   2172 	          999.884 
	610+ 		   2426 	          999.091 
	520- 		   49 	          997.268 
	520+ 		   51 	          998.241 
	 ===   Ecut necessary for ~100 meV convergence error / electron === 
	 --------------------------------------------------------------- 
		 	 Ecut[Ry] 	 error [meV/e] 
	600+ 		   26 	           99.064 
	610- 		   2475 	           95.388 
	610+ 		   2484 	           92.846 
	520- 		   89 	           99.206 
	520+ 		   90 	           98.650 

	 ===   Ecut necessary for  ~10 meV convergence error / electron === 
	 --------------------------------------------------------------- 
		 	 Ecut[Ry] 	 error [meV/e] 
	600+ 		   2342 	            9.972 
	610- 		   2498 	            9.556 
	610+ 		   -----  >2500 Ry   -----
	520- 		   115 	            9.898 
	520+ 		   117 	            9.840 

	 ===   Ecut necessary for   ~1 meV convergence error / electron === 
	 --------------------------------------------------------------- 
		 	 Ecut[Ry] 	 error [meV/e] 
	600+ 		   2492 	            0.976 
	610- 		   -----  >2500 Ry   -----
	610+ 		   -----  >2500 Ry   -----
	520- 		   200 	            0.997 
	520+ 		   202 	            0.994 

### TC report ########################################

Comparison of total energies
Config	 E_sl(Ry)	 E_nl(Ry)	 Delta(eV)
0     -100.486433     -100.486433       -0.000001
1     -102.254890     -102.253615       -0.017340
2     -101.756744     -101.756000       -0.010127
3     -101.885498     -101.884022       -0.020080
4     -101.323795     -101.322875       -0.012517
5     -100.739669     -100.739161       -0.006911
6     -100.432502     -100.431632       -0.011843
7      -99.453973      -99.453017       -0.013016
8      -99.785164      -99.784740       -0.005776
9      -98.054846      -98.052883       -0.026698
10      -98.310534      -98.310206       -0.004459
11      -97.211170      -97.209135       -0.027678
12      -96.443180      -96.440723       -0.033429
13      -94.250422      -94.246201       -0.057426
MAD (eV): 0.0176645
