##########################################################
#    Opium Report File                                   #
##########################################################
     Opium version:        4.1

### copy of the parameter file #######################

[Atom]
Pb
16            
100   2.00  -
200   2.00  -
210   6.00  -
300   2.00  -
310   6.00  -
320   10.00  -
400   2.00  -
410   6.00  -
420   10.00  -
430   14.00  -
500   2.00  -
510   6.00  -
520   10.00  -
600   2.00  -
610   0.50  -
620   0.50  -

[Pseudo]
3 -1 -1 -1
g

[KBdesign]
s

[Relativity]
srl

[XC]
pbe

[Gaussinfo]
4 5
2 2 2 2 4
2  1.989794  35.774361    
2  0.254518  -0.564234
2  0.922154  8.163927
2  0.227206  -0.252977
2  0.601501  2.960413
2  0.500396  4.248686
2  0.813526  -2.145000
2  0.778976  -2.666419
1  1.998442  4.000000
3  2.007475  7.993766
2  1.988107  -12.707015
2  0.997975  -0.235863

[Configs]
8 

600  2.00 -
610  2.00 -
620  0.00 -

600  2.00 -
610  1.00 -
620  1.00 -

600  2.00 -
610  1.00 -
620  0.00 -

600  2.00 -
610  0.00 -
620  1.00 -

600  2.00 -
610  0.00 -
620  0.00 -

600  1.00 -
610  1.00 -
620  0.00 -

600  1.00 -
610  0.00 -
620  1.00 -

600  1.00 -
610  0.00 -
620  0.00 -

### AE report ########################################

 AE:Orbital    Filling       Eigenvalues[Ry]          Norm
    ----------------------------------------------------------
	600	 2.000	      -1.5145849039	  0.0038130633
	610	 0.500	      -0.8196938586	  0.0481320633
	620	 0.500	      -0.2705105341	  0.5884341183

      E_tot =   -41792.7130995340 Ry

### PS report ########################################

    Orbital       Ghost
    -----------------------------------------------------------------
	100 	    no
	210 	    no
	320 	    no


### NL/SL report #####################################


 SL:Orbital    Filling       Eigenvalues[Ry]          Norm       Ghost
    ------------------------------------------------------------------
	100 	 2.000	      -1.5747506711	  0.0036432063	    no
	210 	 0.500	      -0.8256753360	  0.0469420313	    no
	320 	 0.500	      -0.2622984425	  0.6546139997	    no

	 ========== No ghosts in potential!!========== 

      E_tot =       -6.1823640701 Ry

### KE report ########################################

	 ===   Ecut necessary for ~1    eV convergence error / electron === 
	 --------------------------------------------------------------- 
		 	 Ecut[Ry] 	 error [meV/e] 
	100  		   7 	          992.216 
	210  		   2403 	          996.650 
	320  		   -----  >2500 Ry   -----
	 ===   Ecut necessary for ~100 meV convergence error / electron === 
	 --------------------------------------------------------------- 
		 	 Ecut[Ry] 	 error [meV/e] 
	100  		   21 	           99.353 
	210  		   2496 	           85.002 
	320  		   -----  >2500 Ry   -----

	 ===   Ecut necessary for  ~10 meV convergence error / electron === 
	 --------------------------------------------------------------- 
		 	 Ecut[Ry] 	 error [meV/e] 
	100  		   38 	            9.931 
	210  		   -----  >2500 Ry   -----
	320  		   -----  >2500 Ry   -----

	 ===   Ecut necessary for   ~1 meV convergence error / electron === 
	 --------------------------------------------------------------- 
		 	 Ecut[Ry] 	 error [meV/e] 
	100  		   2471 	            0.999 
	210  		   -----  >2500 Ry   -----
	320  		   -----  >2500 Ry   -----

### TC report ########################################

Comparison of total energies
Config	 E_sl(Ry)	 E_nl(Ry)	 Delta(eV)
0       -6.182364       -6.182364        0.000000
1       -6.946963       -6.947517        0.007533
2       -6.579645       -6.579720        0.001026
3       -6.453918       -6.453945        0.000368
4       -5.891268       -5.891286        0.000242
5       -5.460070       -5.460070       -0.000000
6       -4.664244       -4.664359        0.001556
7       -3.903310       -3.904572        0.017177
8       -3.055991       -3.055991       -0.000000
MAD (eV): 0.00310012
