##########################################################
#    Opium Report File                                   #
##########################################################
     Opium version:        4.1

### copy of the parameter file #######################

[Atom]
Hf
15            
100   2.00  -
200   2.00  -
210   6.00  -
300   2.00  -
310   6.00  -
320   10.00  -
400   2.00  -
410   6.00  -
420   10.00  -
430   14.00  -
500   2.00  -
510   6.00  -
520   0.50  -
600   2.00  -
610   0.50  -

[Pseudo]
5 -1 -1 -1 -1 -1
g

[Gaussinfo]
12 5
2 3 3 2 4
2 7.9267515 178.2285902  
2 1.8322257 -1.2383272
2 9.5917483 218.3753701
2 3.3859339 3.2531831
4 9.5934559 401.8868555
2 6.1720552 106.9404919
2 13.764073 -48.5294576
4 6.1782534 83.5369354
2 1.9177531 12.6705548
2 3.1996683 14.0144425
1 6.6024774 12.0
3 9.1567372 79.22972880
2 7.9921981 -0.2624028
2 2.3563516 -2.1548851

[KBdesign]
s

[Relativity]
nrl

[XC]
pbe

[Configs]
7

500  2.00 -
510  6.00 -
520  1.00 -
600  2.00 -
610  1.00 -

500  2.00 -
510  6.00 -
520  1.00 -
600  2.00 -
610  0.00 -

500  2.00 -
510  6.00 -
520  3.00 -
600  0.00 -
610  0.00 -

500  2.00 -
510  6.00 -
520  1.00 -
600  1.00 -
610  1.00 -

500  2.00 -
510  6.00 -
520  2.00 -
600  0.00 -
610  0.00 -

500  2.00 -
510  6.00 -
520  1.00 -
600  0.00 -
610  0.00 -

500  2.00 -
510  6.00 -
520  0.00 -
600  0.00 -
610  0.00 -

### AE report ########################################

 AE:Orbital    Filling       Eigenvalues[Ry]          Norm
    ----------------------------------------------------------
	100	 2.000	   -4425.5787397935
	200	 2.000	    -723.3444085319
	210	 6.000	    -692.4564936880
	300	 2.000	    -164.0427313808
	310	 6.000	    -149.8330104844
	320	10.000	    -123.3525823420
	400	 2.000	     -32.7333688135
	410	 6.000	     -26.8761240121
	420	10.000	     -16.2513901649
	430	14.000	      -2.6107087816
	500	 2.000	      -4.9576194664	  0.0072180930
	510	 6.000	      -3.3285957584	  0.0483222733
	520	 0.500	      -1.0018611278	  0.3198974773
	600	 2.000	      -0.8646309775	  0.7708159716
	610	 0.500	      -0.5647018119	  0.9295995465

      E_tot =   -28649.1750585273 Ry

### PS report ########################################

    Orbital       Ghost
    -----------------------------------------------------------------
	100 	    no
	210 	    no
	320 	    no


### NL/SL report #####################################


 NL:Orbital    Filling       Eigenvalues[Ry]          Norm       Ghost
    ------------------------------------------------------------------
	100 	 2.000	      -5.6762755829	  0.0033099115	    no
	210 	 6.000	      -3.3881507685	  0.0405620717	    no
	320 	 0.500	      -0.8902435327	  0.3567233090	    no
	200 	 2.000	      -0.9223385609	  0.7111641244	    no
	310 	 0.500	      -0.5584101524	  0.9259339532	    no

	 ========== No ghosts in potential!!========== 

      E_tot =      -96.3406706788 Ry

### KE report ########################################

	 ===   Ecut necessary for ~1    eV convergence error / electron === 
	 --------------------------------------------------------------- 
		 	 Ecut[Ry] 	 error [meV/e] 
	100  		   77 	          999.957 
	210  		   51 	          998.670 
	320  		   19 	          999.320 
	200  		   77 	          999.957 
	310  		   51 	          998.670 
	 ===   Ecut necessary for ~100 meV convergence error / electron === 
	 --------------------------------------------------------------- 
		 	 Ecut[Ry] 	 error [meV/e] 
	100  		   120 	           99.063 
	210  		   133 	           99.869 
	320  		   2370 	           99.812 
	200  		   120 	           99.063 
	310  		   133 	           99.869 

	 ===   Ecut necessary for  ~10 meV convergence error / electron === 
	 --------------------------------------------------------------- 
		 	 Ecut[Ry] 	 error [meV/e] 
	100  		   227 	            9.919 
	210  		   180 	            9.891 
	320  		   2492 	            9.646 
	200  		   227 	            9.919 
	310  		   180 	            9.891 

	 ===   Ecut necessary for   ~1 meV convergence error / electron === 
	 --------------------------------------------------------------- 
		 	 Ecut[Ry] 	 error [meV/e] 
	100  		   282 	            0.988 
	210  		   308 	            0.991 
	320  		   2499 	            0.644 
	200  		   282 	            0.988 
	310  		   308 	            0.991 

### TC report ########################################

Comparison of total energies
Config	 E_sl(Ry)	 E_nl(Ry)	 Delta(eV)
0      -96.340088      -96.340671        0.007927
1      -96.828562      -96.829239        0.009219
2      -96.492324      -96.492330        0.000077
3      -96.259160      -96.259269        0.001483
4      -96.139959      -96.141036        0.014655
5      -95.373586      -95.373620        0.000461
6      -93.782491      -93.782493        0.000028
7      -91.376696      -91.376744        0.000649
MAD (eV): 0.00431237
