##########################################################
#    Opium Report File                                   #
##########################################################
     Opium version:        4.1

### copy of the parameter file #######################

[Atom]
Hf
15            
100   2.00  -
200   2.00  -
210   6.00  -
300   2.00  -
310   6.00  -
320   10.00  -
400   2.00  -
410   6.00  -
420   10.00  -
430   14.00  -
500   2.00  -
510   6.00  -
520   0.50  -
600   2.00  -
610   0.50  -

[Pseudo]
5 -1 -1 -1 -1 -1
g

[Gaussinfo]
12 5 3
2 3 3 2 4  6 6 2
2 7.9267515 178.2285902  
2 1.8322257 -1.2383272
2 9.5917483 218.3753701
2 3.3859339 3.2531831
4 9.5934559 401.8868555
2 6.1720552 106.9404919
2 13.764073 -48.5294576
4 6.1782534 83.5369354
2 1.9177531 12.6705548
2 3.1996683 14.0144425
1 6.6024774 12.0
3 9.1567372 79.22972880
2 7.9921981 -0.2624028
2 2.3563516 -2.1548851
2 7.34852391 -202.10810675
2 9.04008965 212.17900806
4 9.37854280 -0.24819457
4 8.24500746 0.44441341
2 1.27734481 3.87424294
2 2.36540156 0.65243199
2 5.36129446 -43.05289823
2 5.50676685 43.99827917
4 5.93605443 0.01469877
4 5.70998201 0.05784811
2 0.53940392 0.09763345
2 0.48493719 -0.03162906
2 3.50802910 -2.89319713
2 2.37897925 3.13028047

[KBdesign]
s

[Relativity]
frl

[XC]
pbe

[Configs]
7

500  2.00 -
510  6.00 -
520  1.00 -
600  2.00 -
610  1.00 -

500  2.00 -
510  6.00 -
520  1.00 -
600  2.00 -
610  0.00 -

500  2.00 -
510  6.00 -
520  3.00 -
600  0.00 -
610  0.00 -

500  2.00 -
510  6.00 -
520  1.00 -
600  1.00 -
610  1.00 -

500  2.00 -
510  6.00 -
520  2.00 -
600  0.00 -
610  0.00 -

500  2.00 -
510  6.00 -
520  1.00 -
600  0.00 -
610  0.00 -

500  2.00 -
510  6.00 -
520  0.00 -
600  0.00 -
610  0.00 -

### AE report ########################################

 AE:Orbital    Filling       Eigenvalues[Ry]          Norm
    ----------------------------------------------------------
	100+	 2.000	   -4771.4487247202
	200+	 2.000	    -816.7818333133
	210-	 2.000	    -779.8002727925
	210+	 4.000	    -693.0830089356
	300+	 2.000	    -186.8292212870
	310-	 2.000	    -170.5194403204
	310+	 4.000	    -151.9138737927
	320-	 4.000	    -124.5279044232
	320+	 6.000	    -120.4563123048
	400+	 2.000	     -38.2971279631
	410-	 2.000	     -31.6232190494
	410+	 4.000	     -27.3660318239
	420-	 4.000	     -16.4416113935
	420+	 6.000	     -15.6594009832
	430-	 6.000	      -2.1532717952
	430+	 8.000	      -2.0249153041
	500+	 2.000	      -5.7312462819	  0.0032075289
	510-	 2.000	      -3.8335222776	  0.0271530453
	510+	 4.000	      -3.2559199408	  0.0476528666
	520-	 0.200	      -0.9146246212	  0.3415031244
	520+	 0.300	      -0.8701430342	  0.3701420335
	600+	 2.000	      -0.9335549290	  0.6967851131
	610-	 0.167	      -0.5946120811	  0.9084216741
	610+	 0.333	      -0.5384984874	  0.9312356608

      E_tot =   -30155.3825194339 Ry

### PS report ########################################

    Orbital       Ghost
    -----------------------------------------------------------------
	500 	    no
	510 	    no
	510 	    no
	520 	    no
	520 	    no


### NL/SL report #####################################


 NL:Orbital    Filling       Eigenvalues[Ry]          Norm       Ghost
    ------------------------------------------------------------------
	500+	 2.000	      -5.6884716649	  0.0032895796	    no
	510-	 2.000	      -4.2706676602	  0.0214272589	    no
	510+	 4.000	      -3.0100585849	  0.0554624575	    no
	520-	 0.200	      -0.9203194319	  0.3432777782	    no
	520+	 0.300	      -0.8800429938	  0.3614568938	    no
	600+	 2.000	      -0.9243298093	  0.7092337771	    no
	610-	 0.167	      -0.6038685442	  0.9106585729	    no
	610+	 0.333	      -0.5384109763	  0.9260454477	    no

	 ========== No ghosts in potential!!========== 

      E_tot =      -96.5320569570 Ry

### KE report ########################################

	 ===   Ecut necessary for ~1    eV convergence error / electron === 
	 --------------------------------------------------------------- 
		 	 Ecut[Ry] 	 error [meV/e] 
	500+ 		   77 	          995.058 
	510- 		   53 	          991.830 
	510+ 		   50 	          996.017 
	520- 		   19 	          996.976 
	520+ 		   20 	          997.465 
	600+ 		   77 	          995.058 
	610- 		   53 	          991.830 
	610+ 		   50 	          996.017 
	 ===   Ecut necessary for ~100 meV convergence error / electron === 
	 --------------------------------------------------------------- 
		 	 Ecut[Ry] 	 error [meV/e] 
	500+ 		   120 	           99.181 
	510- 		   134 	           99.790 
	510+ 		   133 	           99.598 
	520- 		   2307 	           99.739 
	520+ 		   2392 	           98.747 
	600+ 		   120 	           99.181 
	610- 		   134 	           99.790 
	610+ 		   133 	           99.598 

	 ===   Ecut necessary for  ~10 meV convergence error / electron === 
	 --------------------------------------------------------------- 
		 	 Ecut[Ry] 	 error [meV/e] 
	500+ 		   227 	            9.948 
	510- 		   181 	            9.965 
	510+ 		   186 	            9.914 
	520- 		   2490 	            9.749 
	520+ 		   2493 	            8.746 
	600+ 		   227 	            9.948 
	610- 		   181 	            9.965 
	610+ 		   186 	            9.914 

	 ===   Ecut necessary for   ~1 meV convergence error / electron === 
	 --------------------------------------------------------------- 
		 	 Ecut[Ry] 	 error [meV/e] 
	500+ 		   282 	            0.992 
	510- 		   306 	            0.987 
	510+ 		   307 	            0.993 
	520- 		   2499 	            0.475 
	520+ 		   2499 	            0.708 
	600+ 		   282 	            0.992 
	610- 		   306 	            0.987 
	610+ 		   307 	            0.993 

### TC report ########################################

Comparison of total energies
Config	 E_sl(Ry)	 E_nl(Ry)	 Delta(eV)
0      -96.530363      -96.532057        0.023049
1      -97.022109      -97.023940        0.024902
2      -96.685952      -96.685971        0.000252
3      -96.460605      -96.460859        0.003456
4      -96.331095      -96.334194        0.042155
5      -95.568569      -95.568670        0.001376
6      -93.969440      -93.969441        0.000016
7      -91.555488      -91.555686        0.002691
MAD (eV): 0.0122373
