##########################################################
#    Opium Report File                                   #
##########################################################
     Opium version:        4.1

### copy of the parameter file #######################

[Atom]
N
3
100   2.00  -
200   2.00  -
210   2.  -

[Pseudo]
2  1.39 1.37
g

[Gaussinfo]
5   2
2   6
2  9.41609     34.77692 
2  8.16694     15.20330 
1  12.91881    3.25000 
1  9.22825     1.75000
3  12.96581    41.98612 
3  8.05477     16.14945
2  12.54876   -26.09522 
2  7.53360    -10.32626 

[XC]
pbe

[KBDesign]
p

[Relativity]
nrl

[Configs]
8

200 2.00 -
210 3.00 -

200 1.00 -
210 4.00 -

200 2.00 -
210 2.00 -

200 1.00 -
210 2.00 -

200 2.00 -
210 1.00 -

200 1.00 -
210 2.00 -

200 2.00 -
210 0.00 -

200 1.00 -
210 1.00 -


### AE report ########################################

 AE:Orbital    Filling       Eigenvalues[Ry]          Norm
    ----------------------------------------------------------
	100	 2.000	     -29.5051502273
	200	 2.000	      -2.3838391528	  0.3444424137
	210	 2.000	      -1.5209541355	  0.3753375317

      E_tot =     -107.8428055438 Ry

### PS report ########################################

    Orbital       Ghost
    -----------------------------------------------------------------
	100 	    no
	210 	    no


### NL/SL report #####################################


 NL:Orbital    Filling       Eigenvalues[Ry]          Norm       Ghost
    ------------------------------------------------------------------
	100 	 2.000	      -2.3760801179	  0.3482018898	    no
	210 	 2.000	      -1.5252303712	  0.3765702890	    no

	 ========== No ghosts in potential!!========== 

      E_tot =      -18.2548421295 Ry

### KE report ########################################

	 ===   Ecut necessary for ~1    eV convergence error / electron === 
	 --------------------------------------------------------------- 
		 	 Ecut[Ry] 	 error [meV/e] 
	100  		   33 	          987.472 
	210  		   67 	          992.037 
	 ===   Ecut necessary for ~100 meV convergence error / electron === 
	 --------------------------------------------------------------- 
		 	 Ecut[Ry] 	 error [meV/e] 
	100  		   58 	           96.720 
	210  		   141 	           98.254 

	 ===   Ecut necessary for  ~10 meV convergence error / electron === 
	 --------------------------------------------------------------- 
		 	 Ecut[Ry] 	 error [meV/e] 
	100  		   83 	            9.883 
	210  		   230 	            9.791 

	 ===   Ecut necessary for   ~1 meV convergence error / electron === 
	 --------------------------------------------------------------- 
		 	 Ecut[Ry] 	 error [meV/e] 
	100  		   193 	            0.971 
	210  		   323 	            0.962 

### TC report ########################################

Comparison of total energies
Config	 E_sl(Ry)	 E_nl(Ry)	 Delta(eV)
0      -18.254842      -18.254842       -0.000000
1      -19.258639      -19.258694        0.000742
2      -18.426937      -18.426961        0.000324
3      -18.254842      -18.254842       -0.000000
4      -15.288685      -15.288777        0.001245
5      -16.131931      -16.132090        0.002159
6      -15.288685      -15.288777        0.001245
7      -12.687521      -12.688086        0.007678
8      -11.876089      -11.876638        0.007469
MAD (eV): 0.00231797
