##########################################################
#    Opium Report File                                   #
##########################################################
     Opium version:        4.1

### copy of the parameter file #######################

[Atom]
Tl
15
100   2.00  -
200   2.00  -
210   6.00  -
300   2.00  -
310   6.00  -
320   10.00  -
400   2.00  -
410   6.00  -
420   10.00  -
430   14.00  -
500   2.00  -
510   6.00  -
520   10.00  -
600   2.00  -
610   0.50  -

[Pseudo]
2 -1 -1
g

[Gaussinfo]
3 5
2 2 2 2 4
2 0.2799128 -1.0635224  
2 2.1048015 51.7062697
2 0.4781879 -2.9665997
2 1.0059051 19.7301107
2 0.4329228 2.7924102
2 0.7778788 -3.9697644
2 0.9382001 -7.2111924
2 0.4399336 2.7943249
1 0.9719772 3.0
3 0.8644574 2.91593160
2 0.9730732 0.8002987
2 0.8799441 -6.0335309

[KBdesign]
s

[Relativity]
nrl

[XC]
pbe

[Configs]
7

600   2.00 -
610   1.00 -

600   1.00 -
610   2.00 -

600   2.00 -
610   0.00 -

600   0.00 -
610   2.00 -

600   1.00 -
610   1.00 -

600   1.00 -
610   0.00 -

600   0.00 -
610   1.00 -

### AE report ########################################

 AE:Orbital    Filling       Eigenvalues[Ry]          Norm
    ----------------------------------------------------------
	100	 2.000	   -5659.2059011222
	200	 2.000	    -950.6492100104
	210	 6.000	    -914.9744243726
	300	 2.000	    -225.3998941718
	310	 6.000	    -208.4772310128
	320	10.000	    -176.8967396084
	400	 2.000	     -49.2751746063
	410	 6.000	     -41.8885405232
	420	10.000	     -28.2709177491
	430	14.000	      -9.8893249869
	500	 2.000	      -7.8629369092
	510	 6.000	      -5.4362713747
	520	10.000	      -1.5861722242
	600	 2.000	      -0.7732834197	  0.0313746369
	610	 0.500	      -0.3875634022	  0.1521954260

      E_tot =   -37930.9663663632 Ry

### PS report ########################################

    Orbital       Ghost
    -----------------------------------------------------------------
	100 	    no
	210 	    no


### NL/SL report #####################################


 NL:Orbital    Filling       Eigenvalues[Ry]          Norm       Ghost
    ------------------------------------------------------------------
	100 	 2.000	      -0.9999995054	  0.0121523419	    no
	210 	 0.500	      -0.3728929411	  0.1530853592	    no

	 ========== No ghosts in potential!!========== 

      E_tot =       -3.9709319712 Ry

### KE report ########################################

	 ===   Ecut necessary for ~1    eV convergence error / electron === 
	 --------------------------------------------------------------- 
		 	 Ecut[Ry] 	 error [meV/e] 
	100  		   6 	          998.027 
	210  		   2485 	          992.338 
	 ===   Ecut necessary for ~100 meV convergence error / electron === 
	 --------------------------------------------------------------- 
		 	 Ecut[Ry] 	 error [meV/e] 
	100  		   2249 	           99.804 
	210  		   -----  >2500 Ry   -----

	 ===   Ecut necessary for  ~10 meV convergence error / electron === 
	 --------------------------------------------------------------- 
		 	 Ecut[Ry] 	 error [meV/e] 
	100  		   2490 	            9.328 
	210  		   -----  >2500 Ry   -----

	 ===   Ecut necessary for   ~1 meV convergence error / electron === 
	 --------------------------------------------------------------- 
		 	 Ecut[Ry] 	 error [meV/e] 
	100  		   2499 	            0.550 
	210  		   -----  >2500 Ry   -----

### TC report ########################################

Comparison of total energies
Config	 E_sl(Ry)	 E_nl(Ry)	 Delta(eV)
0       -3.970932       -3.970932        0.000000
1       -4.107071       -4.107165        0.001279
2       -3.503694       -3.503729        0.000468
3       -3.731025       -3.731025       -0.000000
4       -2.380269       -2.380658        0.005287
5       -3.057915       -3.058128        0.002896
6       -2.160921       -2.160921       -0.000000
7       -1.417237       -1.418297        0.014422
MAD (eV): 0.00304402
